Archive member included to satisfy reference by file (symbol)

corelib/lib.a(downloader.o)   core/built-in.o (download_print_help)
corelib/lib.a(lua_interface.o)
                              core/built-in.o (lua_handlers_init)
corelib/lib.a(mtd-interface.o)
                              handlers/built-in.o (flash_erase_sector)
corelib/lib.a(parsing_library_libconfig.o)
                              core/built-in.o (get_child_libconfig)
corelib/lib.a(parsing_library_libjson.o)
                              core/built-in.o (get_child_json)
corelib/lib.a(swupdate_settings.o)
                              core/built-in.o (read_module_settings)
corelib/lib.a(channel_curl.o)
                              corelib/lib.a(downloader.o) (channel_new)
mongoose/lib.a(mongoose_interface.o)
                              core/built-in.o (mongoose_print_help)
mongoose/lib.a(mongoose_multipart.o)
                              mongoose/lib.a(mongoose_interface.o) (multipart_upload_handler)
mongoose/lib.a(mongoose.o)    mongoose/lib.a(mongoose_multipart.o) (mg_call)
parser/lib.a(parse_external.o)
                              core/built-in.o (parse_external)
parser/lib.a(parser.o)        core/built-in.o (parse_cfg)
/usr/lib/gcc/aarch64-linux-gnu/9/../../../../lib/libubi.a(libubi.o)
                              corelib/lib.a(mtd-interface.o) (libubi_open)
/usr/lib/gcc/aarch64-linux-gnu/9/../../../../lib/libmtd.a(libmtd.o)
                              corelib/lib.a(mtd-interface.o) (libmtd_open)
/usr/lib/gcc/aarch64-linux-gnu/9/../../../../lib/libmtd.a(libmtd_legacy.o)
                              /usr/lib/gcc/aarch64-linux-gnu/9/../../../../lib/libmtd.a(libmtd.o) (legacy_procfs_is_supported)
/usr/lib/aarch64-linux-gnu/libc_nonshared.a(elf-init.oS)
                              /usr/lib/gcc/aarch64-linux-gnu/9/../../../aarch64-linux-gnu/Scrt1.o (__libc_csu_init)
/usr/lib/aarch64-linux-gnu/libc_nonshared.a(atexit.oS)
                              core/built-in.o (atexit)
/usr/lib/aarch64-linux-gnu/libc_nonshared.a(stat.oS)
                              core/built-in.o (stat)
/usr/lib/aarch64-linux-gnu/libc_nonshared.a(fstat.oS)
                              core/built-in.o (fstat)

As-needed library included to satisfy reference by file (symbol)

libpthread.so.0               core/built-in.o (write@@GLIBC_2.17)
liblua5.3.so.0                corelib/lib.a(lua_interface.o) (lua_getfield@@LUA_5.3)
libcurl.so.4                  corelib/lib.a(channel_curl.o) (curl_easy_cleanup@@CURL_OPENSSL_4)
libconfig.so.9                corelib/lib.a(parsing_library_libconfig.o) (config_setting_get_string)
libarchive.so.13              handlers/built-in.o (archive_write_disk_set_options)
libjson-c.so.4                corelib/lib.a(channel_curl.o) (json_tokener_parse_ex)
libcrypto.so.1.1              mongoose/lib.a(mongoose.o) (ERR_print_errors_fp@@OPENSSL_1_1_0)
libssl.so.1.1                 mongoose/lib.a(mongoose.o) (TLS_server_method@@OPENSSL_1_1_0)
libz.so.1                     core/built-in.o (inflateEnd)
libsystemd.so.0               core/built-in.o (sd_booted@@LIBSYSTEMD_209)
libc.so.6                     core/built-in.o (setuid@@GLIBC_2.17)
ld-linux-aarch64.so.1         core/built-in.o (__stack_chk_guard@@GLIBC_2.17)

Allocating common symbols
Common symbol       size              file

bootloader_env_get  0x8               core/built-in.o
global_auth_domain  0x8               mongoose/lib.a(mongoose_interface.o)
bootloader_env_set  0x8               core/built-in.o
global_auth_file    0x8               mongoose/lib.a(mongoose_interface.o)
bootloader_apply_list
                    0x8               core/built-in.o
supported_types     0x1600            core/built-in.o
bootloader_env_unset
                    0x8               core/built-in.o
extract_thread      0x8               handlers/built-in.o

Discarded input sections

 .bss           0x0000000000000000        0x0 /usr/lib/gcc/aarch64-linux-gnu/9/../../../aarch64-linux-gnu/Scrt1.o
 .note.GNU-stack
                0x0000000000000000        0x0 /usr/lib/gcc/aarch64-linux-gnu/9/../../../aarch64-linux-gnu/Scrt1.o
 .data          0x0000000000000000        0x0 /usr/lib/gcc/aarch64-linux-gnu/9/../../../aarch64-linux-gnu/crti.o
 .bss           0x0000000000000000        0x0 /usr/lib/gcc/aarch64-linux-gnu/9/../../../aarch64-linux-gnu/crti.o
 .note.GNU-stack
                0x0000000000000000        0x0 /usr/lib/gcc/aarch64-linux-gnu/9/../../../aarch64-linux-gnu/crti.o
 .data          0x0000000000000000        0x0 /usr/lib/gcc/aarch64-linux-gnu/9/crtbeginS.o
 .note.GNU-stack
                0x0000000000000000        0x0 /usr/lib/gcc/aarch64-linux-gnu/9/crtbeginS.o
 .text          0x0000000000000000        0x0 core/built-in.o
 .data          0x0000000000000000        0x0 core/built-in.o
 .bss           0x0000000000000000        0x0 core/built-in.o
 .note.GNU-stack
                0x0000000000000000        0x0 core/built-in.o
 .text          0x0000000000000000        0x0 handlers/built-in.o
[...]
Memory Configuration

Name             Origin             Length             Attributes
*default*        0x0000000000000000 0xffffffffffffffff

Linker script and memory map

LOAD /usr/lib/gcc/aarch64-linux-gnu/9/../../../aarch64-linux-gnu/Scrt1.o
LOAD /usr/lib/gcc/aarch64-linux-gnu/9/../../../aarch64-linux-gnu/crti.o
LOAD /usr/lib/gcc/aarch64-linux-gnu/9/crtbeginS.o
START GROUP
LOAD core/built-in.o
LOAD handlers/built-in.o
LOAD bootloader/built-in.o
LOAD ipc/built-in.o
LOAD corelib/lib.a
LOAD mongoose/lib.a
LOAD parser/lib.a
LOAD suricatta/lib.a
LOAD fs/lib.a
END GROUP
START GROUP
LOAD /usr/lib/gcc/aarch64-linux-gnu/9/../../../aarch64-linux-gnu/libpthread.so
LOAD /usr/lib/gcc/aarch64-linux-gnu/9/../../../aarch64-linux-gnu/liblua5.3.so
LOAD /usr/lib/gcc/aarch64-linux-gnu/9/../../../aarch64-linux-gnu/libcurl.so
LOAD /usr/lib/gcc/aarch64-linux-gnu/9/../../../aarch64-linux-gnu/libconfig.so
LOAD /usr/lib/gcc/aarch64-linux-gnu/9/../../../aarch64-linux-gnu/libarchive.so
LOAD /usr/lib/gcc/aarch64-linux-gnu/9/../../../aarch64-linux-gnu/libjson-c.so
LOAD /usr/lib/gcc/aarch64-linux-gnu/9/../../../aarch64-linux-gnu/libcrypto.so
LOAD /usr/lib/gcc/aarch64-linux-gnu/9/../../../aarch64-linux-gnu/libssl.so
LOAD /usr/lib/gcc/aarch64-linux-gnu/9/../../../../lib/libubi.a
LOAD /usr/lib/gcc/aarch64-linux-gnu/9/../../../../lib/libmtd.a
LOAD /usr/lib/gcc/aarch64-linux-gnu/9/../../../aarch64-linux-gnu/libz.so
LOAD /usr/lib/gcc/aarch64-linux-gnu/9/../../../aarch64-linux-gnu/libsystemd.so
END GROUP
LOAD /usr/lib/gcc/aarch64-linux-gnu/9/libgcc.a
LOAD /usr/lib/gcc/aarch64-linux-gnu/9/libgcc_eh.a
LOAD /usr/lib/gcc/aarch64-linux-gnu/9/../../../aarch64-linux-gnu/libc.so
START GROUP
LOAD /lib/aarch64-linux-gnu/libc.so.6
LOAD /usr/lib/aarch64-linux-gnu/libc_nonshared.a
LOAD /lib/aarch64-linux-gnu/ld-linux-aarch64.so.1
END GROUP
LOAD /usr/lib/gcc/aarch64-linux-gnu/9/libgcc.a
LOAD /usr/lib/gcc/aarch64-linux-gnu/9/libgcc_eh.a
LOAD /usr/lib/gcc/aarch64-linux-gnu/9/crtendS.o
LOAD /usr/lib/gcc/aarch64-linux-gnu/9/../../../aarch64-linux-gnu/crtn.o
                [!provide]                        PROVIDE (__executable_start = SEGMENT_START ("text-segment", 0x0))
                0x0000000000000238                . = (SEGMENT_START ("text-segment", 0x0) + SIZEOF_HEADERS)

.interp         0x0000000000000238       0x1b
 *(SORT_BY_ALIGNMENT(.interp))
 .interp        0x0000000000000238       0x1b /usr/lib/gcc/aarch64-linux-gnu/9/../../../aarch64-linux-gnu/Scrt1.o

.note.gnu.build-id
                0x0000000000000254       0x24
 *(SORT_BY_ALIGNMENT(.note.gnu.build-id))
 .note.gnu.build-id
                0x0000000000000254       0x24 /usr/lib/gcc/aarch64-linux-gnu/9/../../../aarch64-linux-gnu/Scrt1.o

.note.ABI-tag   0x0000000000000278       0x20
 .note.ABI-tag  0x0000000000000278       0x20 /usr/lib/gcc/aarch64-linux-gnu/9/../../../aarch64-linux-gnu/Scrt1.o

.hash
 *(SORT_BY_ALIGNMENT(.hash))

.gnu.hash       0x0000000000000298      0xde0
 *(SORT_BY_ALIGNMENT(.gnu.hash))
 .gnu.hash      0x0000000000000298      0xde0 /usr/lib/gcc/aarch64-linux-gnu/9/../../../aarch64-linux-gnu/Scrt1.o

.dynsym         0x0000000000001078     0x4b60
 *(SORT_BY_ALIGNMENT(.dynsym))
 .dynsym        0x0000000000001078     0x4b60 /usr/lib/gcc/aarch64-linux-gnu/9/../../../aarch64-linux-gnu/Scrt1.o

.dynstr         0x0000000000005bd8     0x2cc6
 *(SORT_BY_ALIGNMENT(.dynstr))
 .dynstr        0x0000000000005bd8     0x2cc6 /usr/lib/gcc/aarch64-linux-gnu/9/../../../aarch64-linux-gnu/Scrt1.o

.gnu.version    0x000000000000889e      0x648
 *(SORT_BY_ALIGNMENT(.gnu.version))
 .gnu.version   0x000000000000889e      0x648 /usr/lib/gcc/aarch64-linux-gnu/9/../../../aarch64-linux-gnu/Scrt1.o

.gnu.version_d  0x0000000000008ee8        0x0
 *(SORT_BY_ALIGNMENT(.gnu.version_d))
 .gnu.version_d
                0x0000000000008ee8        0x0 /usr/lib/gcc/aarch64-linux-gnu/9/../../../aarch64-linux-gnu/Scrt1.o

.gnu.version_r  0x0000000000008ee8      0x100
 *(SORT_BY_ALIGNMENT(.gnu.version_r))
 .gnu.version_r
                0x0000000000008ee8      0x100 /usr/lib/gcc/aarch64-linux-gnu/9/../../../aarch64-linux-gnu/Scrt1.o

.rela.dyn       0x0000000000008fe8     0x1a88
 *(SORT_BY_ALIGNMENT(.rela.init))
 *(SORT_BY_ALIGNMENT(.rela.text) SORT_BY_ALIGNMENT(.rela.text.*) SORT_BY_ALIGNMENT(.rela.gnu.linkonce.t.*))
 *(SORT_BY_ALIGNMENT(.rela.fini))
 *(SORT_BY_ALIGNMENT(.rela.rodata) SORT_BY_ALIGNMENT(.rela.rodata.*) SORT_BY_ALIGNMENT(.rela.gnu.linkonce.r.*))
 *(SORT_BY_ALIGNMENT(.rela.data) SORT_BY_ALIGNMENT(.rela.data.*) SORT_BY_ALIGNMENT(.rela.gnu.linkonce.d.*))
 .rela.data.rel.ro
                0x0000000000008fe8        0x0 /usr/lib/gcc/aarch64-linux-gnu/9/../../../aarch64-linux-gnu/Scrt1.o
 .rela.data.rel.local
                0x0000000000008fe8       0x18 /usr/lib/gcc/aarch64-linux-gnu/9/../../../aarch64-linux-gnu/Scrt1.o
 .rela.data.rel.local.loglevnames
                0x0000000000009000       0x78 /usr/lib/gcc/aarch64-linux-gnu/9/../../../aarch64-linux-gnu/Scrt1.o
 .rela.data.rel.local.long_options
                0x0000000000009078      0x360 /usr/lib/gcc/aarch64-linux-gnu/9/../../../aarch64-linux-gnu/Scrt1.o
 .rela.data.rel.ro.local.ascii_string_attributes
                0x00000000000093d8       0xd8 /usr/lib/gcc/aarch64-linux-gnu/9/../../../aarch64-linux-gnu/Scrt1.o
 .rela.data.rel.ro.local.ascii_string_colors
                0x00000000000094b0       0xd8 /usr/lib/gcc/aarch64-linux-gnu/9/../../../aarch64-linux-gnu/Scrt1.o
 .rela.data.rel.ro.parsers
                0x0000000000009588       0x48 /usr/lib/gcc/aarch64-linux-gnu/9/../../../aarch64-linux-gnu/Scrt1.o
 .rela.data.rel.local.none
                0x00000000000095d0       0x60 /usr/lib/gcc/aarch64-linux-gnu/9/../../../aarch64-linux-gnu/Scrt1.o
 .rela.data.rel.local.SOCKET_CTRL_PATH
                0x0000000000009630       0x18 /usr/lib/gcc/aarch64-linux-gnu/9/../../../aarch64-linux-gnu/Scrt1.o
 .rela.data.rel.local.SOCKET_PROGRESS_PATH
                0x0000000000009648       0x18 /usr/lib/gcc/aarch64-linux-gnu/9/../../../aarch64-linux-gnu/Scrt1.o
 .rela.data.rel.local.statfields
                0x0000000000009660      0x2a0 /usr/lib/gcc/aarch64-linux-gnu/9/../../../aarch64-linux-gnu/Scrt1.o
 .rela.data.rel.ro.local.l_swupdate
                0x0000000000009900      0x270 /usr/lib/gcc/aarch64-linux-gnu/9/../../../aarch64-linux-gnu/Scrt1.o
 .rela.data.rel.ro.local.l_swupdate_bootenv
                0x0000000000009b70       0x90 /usr/lib/gcc/aarch64-linux-gnu/9/../../../aarch64-linux-gnu/Scrt1.o
 .rela.data     0x0000000000009c00      0x138 /usr/lib/gcc/aarch64-linux-gnu/9/../../../aarch64-linux-gnu/Scrt1.o
 .rela.data.rel.local.fs_posix_no_list
                0x0000000000009d38       0xf0 /usr/lib/gcc/aarch64-linux-gnu/9/../../../aarch64-linux-gnu/Scrt1.o
 .rela.data.rel.local.mg_fs_packed
                0x0000000000009e28       0xf0 /usr/lib/gcc/aarch64-linux-gnu/9/../../../aarch64-linux-gnu/Scrt1.o
 .rela.data.rel.local.mg_fs_posix
                0x0000000000009f18       0xf0 /usr/lib/gcc/aarch64-linux-gnu/9/../../../aarch64-linux-gnu/Scrt1.o
 .rela.data.rel.local.s_log_func
                0x000000000000a008       0x18 /usr/lib/gcc/aarch64-linux-gnu/9/../../../aarch64-linux-gnu/Scrt1.o
 .rela.data.rel.ro.local.s_known_types
                0x000000000000a020      0x5a0 /usr/lib/gcc/aarch64-linux-gnu/9/../../../aarch64-linux-gnu/Scrt1.o
 *(SORT_BY_ALIGNMENT(.rela.tdata) SORT_BY_ALIGNMENT(.rela.tdata.*) SORT_BY_ALIGNMENT(.rela.gnu.linkonce.td.*))
 *(SORT_BY_ALIGNMENT(.rela.tbss) SORT_BY_ALIGNMENT(.rela.tbss.*) SORT_BY_ALIGNMENT(.rela.gnu.linkonce.tb.*))
 *(SORT_BY_ALIGNMENT(.rela.ctors))
 *(SORT_BY_ALIGNMENT(.rela.dtors))
 *(SORT_BY_ALIGNMENT(.rela.got))
 .rela.got      0x000000000000a5c0      0x330 /usr/lib/gcc/aarch64-linux-gnu/9/../../../aarch64-linux-gnu/Scrt1.o
 *(SORT_BY_ALIGNMENT(.rela.bss) SORT_BY_ALIGNMENT(.rela.bss.*) SORT_BY_ALIGNMENT(.rela.gnu.linkonce.b.*))
 .rela.bss      0x000000000000a8f0        0x0 /usr/lib/gcc/aarch64-linux-gnu/9/../../../aarch64-linux-gnu/Scrt1.o
 *(SORT_BY_ALIGNMENT(.rela.ifunc))
 .rela.ifunc    0x000000000000a8f0        0x0 /usr/lib/gcc/aarch64-linux-gnu/9/../../../aarch64-linux-gnu/Scrt1.o
 .rela.fini_array
                0x000000000000a8f0       0x18 /usr/lib/gcc/aarch64-linux-gnu/9/../../../aarch64-linux-gnu/Scrt1.o
 .rela.init_array
                0x000000000000a908      0x168 /usr/lib/gcc/aarch64-linux-gnu/9/../../../aarch64-linux-gnu/Scrt1.o

.rela.plt       0x000000000000aa70     0x1c38
 *(SORT_BY_ALIGNMENT(.rela.plt))
 .rela.plt      0x000000000000aa70     0x1c38 /usr/lib/gcc/aarch64-linux-gnu/9/../../../aarch64-linux-gnu/Scrt1.o
 *(SORT_BY_ALIGNMENT(.rela.iplt))

.init           0x000000000000c6a8       0x14
 *(SORT_NONE(.init))
 .init          0x000000000000c6a8        0xc /usr/lib/gcc/aarch64-linux-gnu/9/../../../aarch64-linux-gnu/crti.o
                0x000000000000c6a8                _init
 .init          0x000000000000c6b4        0x8 /usr/lib/gcc/aarch64-linux-gnu/9/../../../aarch64-linux-gnu/crtn.o

.plt            0x000000000000c6c0     0x12f0
 *(SORT_BY_ALIGNMENT(.plt))
 .plt           0x000000000000c6c0     0x12f0 /usr/lib/gcc/aarch64-linux-gnu/9/../../../aarch64-linux-gnu/Scrt1.o
 *(SORT_BY_ALIGNMENT(.iplt))

.text           0x000000000000d9b0    0x37734
 *(SORT_BY_ALIGNMENT(.text.unlikely) SORT_BY_ALIGNMENT(.text.*_unlikely) SORT_BY_ALIGNMENT(.text.unlikely.*))
 *(SORT_BY_ALIGNMENT(.text.exit) SORT_BY_ALIGNMENT(.text.exit.*))
 *(SORT_BY_ALIGNMENT(.text.startup) SORT_BY_ALIGNMENT(.text.startup.*))
 *(SORT_BY_ALIGNMENT(.text.hot) SORT_BY_ALIGNMENT(.text.hot.*))
 *(SORT_BY_NAME(SORT_BY_ALIGNMENT(.text.sorted.*)))
 *(SORT_BY_ALIGNMENT(.text) SORT_BY_ALIGNMENT(.stub) SORT_BY_ALIGNMENT(.text.*) SORT_BY_ALIGNMENT(.gnu.linkonce.t.*))
 .text          0x000000000000d9b0       0xbc /usr/lib/gcc/aarch64-linux-gnu/9/crtbeginS.o
 *fill*         0x000000000000da6c        0x4 1f2003d5
 .text          0x000000000000da70     0x304c /usr/lib/gcc/aarch64-linux-gnu/9/../../../../lib/libubi.a(libubi.o)
                0x000000000000e6f8                libubi_close
                0x000000000000e7d8                libubi_open
                0x000000000000eba8                ubi_attach
                0x000000000000ecb8                ubi_remove_dev
                0x000000000000ed28                ubi_get_info
                0x000000000000efd0                mtd_num2ubi_dev
                0x000000000000f0c8                ubi_detach_mtd
                0x000000000000f160                ubi_detach
                0x000000000000f1c0                ubi_probe_node
                0x000000000000f4c0                ubi_mkvol
                0x000000000000f658                ubi_rmvol
                0x000000000000f738                ubi_rnvols
                0x000000000000f7a8                ubi_rsvol
                0x000000000000f8b8                ubi_vol_block_create
                0x000000000000f8c8                ubi_vol_block_remove
                0x000000000000f8d8                ubi_update_start
                0x000000000000f908                ubi_leb_change_start
                0x000000000000f988                ubi_dev_present
                0x000000000000fa68                ubi_get_dev_info1
                0x000000000000fe48                ubi_get_dev_info
                0x0000000000010118                ubi_get_vol_info1
                0x0000000000010500                ubi_get_vol_info
                0x0000000000010878                ubi_get_vol_info1_nm
                0x0000000000010a00                ubi_set_property
                0x0000000000010a70                ubi_leb_unmap
                0x0000000000010a98                ubi_is_mapped
 *fill*         0x0000000000010abc        0x4 1f2003d5
 .text          0x0000000000010ac0     0x33f0 /usr/lib/gcc/aarch64-linux-gnu/9/../../../../lib/libmtd.a(libmtd.o)
                0x0000000000011f78                libmtd_close
                0x0000000000012000                libmtd_open
                0x0000000000012240                mtd_dev_present
                0x0000000000012340                mtd_get_info
                0x0000000000012358                mtd_get_dev_info1
                0x00000000000129a0                mtd_get_dev_info
                0x0000000000012bf8                mtd_lock
                0x0000000000012c10                mtd_unlock
                0x0000000000012c28                mtd_erase_multi
                0x0000000000012e90                mtd_erase
                0x0000000000012e98                mtd_regioninfo
                0x0000000000012f68                mtd_is_locked
                0x0000000000013090                mtd_is_bad
                0x00000000000131d0                mtd_mark_bad
                0x0000000000013320                mtd_read
                0x0000000000013508                mtd_write
                0x0000000000013a00                mtd_torture
                0x0000000000013c58                mtd_read_oob
                0x0000000000013c70                mtd_write_oob
                0x0000000000013c88                mtd_probe_node
 .text          0x0000000000013eb0      0xfd4 /usr/lib/gcc/aarch64-linux-gnu/9/../../../../lib/libmtd.a(libmtd_legacy.o)
                0x00000000000142b8                legacy_procfs_is_supported
                0x0000000000014398                legacy_dev_present
                0x0000000000014428                legacy_mtd_get_info
                0x00000000000144e0                legacy_get_mtd_oobavail
                0x0000000000014720                legacy_get_mtd_oobavail1
                0x0000000000014790                legacy_get_dev_info
                0x0000000000014e08                legacy_get_dev_info1
 *fill*         0x0000000000014e84        0x4 1f2003d5
 .text          0x0000000000014e88       0x84 /usr/lib/aarch64-linux-gnu/libc_nonshared.a(elf-init.oS)
                0x0000000000014e88                __libc_csu_init
                0x0000000000014f08                __libc_csu_fini
 *fill*         0x0000000000014f0c        0x4 1f2003d5
 .text          0x0000000000014f10       0x10 /usr/lib/aarch64-linux-gnu/libc_nonshared.a(atexit.oS)
                0x0000000000014f10                atexit
 .text          0x0000000000014f20       0x10 /usr/lib/aarch64-linux-gnu/libc_nonshared.a(stat.oS)
                0x0000000000014f20                stat
                0x0000000000014f20                __stat
 .text          0x0000000000014f30       0x10 /usr/lib/aarch64-linux-gnu/libc_nonshared.a(fstat.oS)
                0x0000000000014f30                __fstat
                0x0000000000014f30                fstat
 .text          0x0000000000014f40       0x38 /usr/lib/gcc/aarch64-linux-gnu/9/../../../aarch64-linux-gnu/Scrt1.o
                0x0000000000014f40                _start
 .text          0x0000000000014f78       0x14 /usr/lib/gcc/aarch64-linux-gnu/9/../../../aarch64-linux-gnu/crti.o
 .text.sigterm_handler
                0x0000000000014f8c        0xc core/built-in.o
 .text.parse_image_selector
                0x0000000000014f98      0x1a4 core/built-in.o
 .text.read_processes_settings
                0x000000000001513c      0x268 core/built-in.o
 .text.read_console_settings
                0x00000000000153a4       0xb0 core/built-in.o
 .text.parse_cert_purpose
                0x0000000000015454      0x10c core/built-in.o
 .text.read_globals_settings
                0x0000000000015560      0x364 core/built-in.o
 .text.get_flash_info
                0x00000000000158c4        0xc core/built-in.o
                0x00000000000158c4                get_flash_info
 .text.get_swupdate_cfg
                0x00000000000158d0        0xc core/built-in.o
                0x00000000000158d0                get_swupdate_cfg
 .text.main     0x00000000000158dc      0xfc4 core/built-in.o
                0x00000000000158dc                main
 .text.fill_buffer
                0x00000000000168a0      0x1a4 core/built-in.o
 .text.input_step
                0x0000000000016a44       0x94 core/built-in.o
 .text.gunzip_step
                0x0000000000016ad8      0x188 core/built-in.o
 .text.copy_write
                0x0000000000016c60      0x1f0 core/built-in.o
                0x0000000000016c60                copy_write
 .text.__swupdate_copy
                0x0000000000016e50      0x5e8 core/built-in.o
 .text.get_cpiohdr
                0x0000000000017438      0x170 core/built-in.o
                0x0000000000017438                get_cpiohdr
 .text.extract_padding
                0x00000000000175a8      0x144 core/built-in.o
                0x00000000000175a8                extract_padding
 .text.copyfile
                0x00000000000176ec       0x58 core/built-in.o
                0x00000000000176ec                copyfile
 .text.copybuffer
                0x0000000000017744       0x44 core/built-in.o
                0x0000000000017744                copybuffer
 .text.copyimage
                0x0000000000017788       0x54 core/built-in.o
                0x0000000000017788                copyimage
 .text.extract_cpio_header
                0x00000000000177dc      0x208 core/built-in.o
                0x00000000000177dc                extract_cpio_header
 .text.extract_img_from_cpio
                0x00000000000179e4      0x248 core/built-in.o
                0x00000000000179e4                extract_img_from_cpio
 .text.swupdate_verify_chksum
                0x0000000000017c2c      0x114 core/built-in.o
                0x0000000000017c2c                swupdate_verify_chksum
 .text.extract_next_file
                0x0000000000017d40      0x328 core/built-in.o
                0x0000000000017d40                extract_next_file
 .text.cpio_scan
                0x0000000000018068      0x344 core/built-in.o
                0x0000000000018068                cpio_scan
 .text.progress_notifier
                0x00000000000183ac       0xa8 core/built-in.o
 .text.process_notifier
                0x0000000000018454       0x20 core/built-in.o
 .text.console_notifier
                0x0000000000018474      0x318 core/built-in.o
 .text.notifier_set_color
                0x000000000001878c       0xf4 core/built-in.o
                0x000000000001878c                notifier_set_color
 .text.register_notifier
                0x0000000000018880       0x78 core/built-in.o
                0x0000000000018880                register_notifier
 .text.notify   0x00000000000188f8      0x134 core/built-in.o
                0x00000000000188f8                notify
 .text.notifier_thread
                0x0000000000018a2c      0x17c core/built-in.o
 .text.notify_init
                0x0000000000018ba8      0x310 core/built-in.o
                0x0000000000018ba8                notify_init
 .text.register_handler
                0x0000000000018eb8       0xf0 core/built-in.o
                0x0000000000018eb8                register_handler
 .text.print_registered_handlers
                0x0000000000018fa8      0x130 core/built-in.o
                0x0000000000018fa8                print_registered_handlers
 .text.find_handler
                0x00000000000190d8       0x88 core/built-in.o
                0x00000000000190d8                find_handler
 .text.get_next_handler
                0x0000000000019160       0x50 core/built-in.o
                0x0000000000019160                get_next_handler
 .text.get_handler_mask
                0x00000000000191b0       0x20 core/built-in.o
                0x00000000000191b0                get_handler_mask
 .text.register_bootloader
                0x00000000000191d0       0x74 core/built-in.o
                0x00000000000191d0                register_bootloader
 .text.set_bootloader
                0x0000000000019244       0xb8 core/built-in.o
                0x0000000000019244                set_bootloader
 .text.get_bootloader
                0x00000000000192fc       0x14 core/built-in.o
                0x00000000000192fc                get_bootloader
 .text.print_registered_bootloaders
                0x0000000000019310      0x148 core/built-in.o
                0x0000000000019310                print_registered_bootloaders
 .text.readimage
                0x0000000000019458       0x40 core/built-in.o
 .text.endupdate
                0x0000000000019498      0x194 core/built-in.o
 .text.install_from_file
                0x000000000001962c      0x1f0 core/built-in.o
                0x000000000001962c                install_from_file
 .text._remove_directory_cb
                0x000000000001981c        0x4 core/built-in.o
 .text.countargc
                0x0000000000019820       0x98 core/built-in.o
 .text.filter_slave
                0x00000000000198b8       0x3c core/built-in.o
 .text.get_root_containerized_fs
                0x00000000000198f4       0xbc core/built-in.o
 .text.getroot_abs_path
                0x00000000000199b0      0x178 core/built-in.o
 .text.get_root_from_partitions
                0x0000000000019b28      0x168 core/built-in.o
 .text.check_free_space
                0x0000000000019c90      0x1b0 core/built-in.o
 .text.sdup     0x0000000000019e40       0x38 core/built-in.o
                0x0000000000019e40                sdup
 .text.get_tmpdir
                0x0000000000019e78       0x98 core/built-in.o
                0x0000000000019e78                get_tmpdir
 .text.get_tmpdirscripts
                0x0000000000019f10       0x68 core/built-in.o
                0x0000000000019f10                get_tmpdirscripts
 .text.swupdate_create_directory
                0x0000000000019f78      0x188 core/built-in.o
                0x0000000000019f78                swupdate_create_directory
 .text.swupdate_remove_directory
                0x000000000001a100      0x138 core/built-in.o
                0x000000000001a100                swupdate_remove_directory
 .text.splitargs
                0x000000000001a238       0x88 core/built-in.o
                0x000000000001a238                splitargs
 .text.freeargs
                0x000000000001a2c0       0x24 core/built-in.o
                0x000000000001a2c0                freeargs
 .text.saferealloc
                0x000000000001a2e4       0x38 core/built-in.o
                0x000000000001a2e4                saferealloc
 .text.mstrcat  0x000000000001a31c      0x160 core/built-in.o
                0x000000000001a31c                mstrcat
 .text.substring
                0x000000000001a47c       0x70 core/built-in.o
                0x000000000001a47c                substring
 .text.string_tolower
                0x000000000001a4ec       0x40 core/built-in.o
                0x000000000001a4ec                string_tolower
 .text.openfileoutput
                0x000000000001a52c      0x108 core/built-in.o
                0x000000000001a52c                openfileoutput
 .text.mkpath   0x000000000001a634      0x108 core/built-in.o
                0x000000000001a634                mkpath
 .text.get_hw_revision
                0x000000000001a73c      0x224 core/built-in.o
                0x000000000001a73c                get_hw_revision
 .text.hwid_match
                0x000000000001a960      0x20c core/built-in.o
                0x000000000001a960                hwid_match
 .text.check_hw_compatibility
                0x000000000001ab6c        0x8 core/built-in.o
                0x000000000001ab6c                check_hw_compatibility
 .text.from_ascii
                0x000000000001ab74      0x27c core/built-in.o
                0x000000000001ab74                from_ascii
 .text.ascii_to_bin
                0x000000000001adf0       0x84 core/built-in.o
                0x000000000001adf0                ascii_to_bin
 .text.ascii_to_hash
                0x000000000001ae74        0xc core/built-in.o
                0x000000000001ae74                ascii_to_hash
 .text.hash_to_ascii
                0x000000000001ae80       0x58 core/built-in.o
                0x000000000001ae80                hash_to_ascii
 .text.IsValidHash
                0x000000000001aed8       0x2c core/built-in.o
                0x000000000001aed8                IsValidHash
 .text.count_elem_list
                0x000000000001af04       0x1c core/built-in.o
                0x000000000001af04                count_elem_list
 .text.get_aes_key
                0x000000000001af20        0xc core/built-in.o
                0x000000000001af20                get_aes_key
 .text.get_aes_keylen
                0x000000000001af2c       0x18 core/built-in.o
                0x000000000001af2c                get_aes_keylen
 .text.get_aes_ivt
                0x000000000001af44       0x14 core/built-in.o
                0x000000000001af44                get_aes_ivt
 .text.set_aes_key
                0x000000000001af58       0xb8 core/built-in.o
                0x000000000001af58                set_aes_key
 .text.load_decryption_key
                0x000000000001b010      0x168 core/built-in.o
                0x000000000001b010                load_decryption_key
 .text.set_aes_ivt
                0x000000000001b178       0x3c core/built-in.o
                0x000000000001b178                set_aes_ivt
 .text.string_split
                0x000000000001b1b4       0xf8 core/built-in.o
                0x000000000001b1b4                string_split
 .text.count_string_array
                0x000000000001b2ac       0x1c core/built-in.o
                0x000000000001b2ac                count_string_array
 .text.free_string_array
                0x000000000001b2c8       0x3c core/built-in.o
                0x000000000001b2c8                free_string_array
 .text.ustrtoull
                0x000000000001b304      0x12c core/built-in.o
                0x000000000001b304                ustrtoull
 .text.size_delimiter_match
                0x000000000001b430       0x70 core/built-in.o
                0x000000000001b430                size_delimiter_match
 .text.strtobool
                0x000000000001b4a0       0x50 core/built-in.o
                0x000000000001b4a0                strtobool
 .text.swupdate_mount
                0x000000000001b4f0        0xc core/built-in.o
                0x000000000001b4f0                swupdate_mount
 .text.swupdate_umount
                0x000000000001b4fc        0x4 core/built-in.o
                0x000000000001b4fc                swupdate_umount
 .text.swupdate_time_iso8601
                0x000000000001b500      0x108 core/built-in.o
                0x000000000001b500                swupdate_time_iso8601
 .text.swupdate_file_setnonblock
                0x000000000001b608       0x58 core/built-in.o
                0x000000000001b608                swupdate_file_setnonblock
 .text.snescape
                0x000000000001b660       0x94 core/built-in.o
                0x000000000001b660                snescape
 .text.get_root_device
                0x000000000001b6f4      0x294 core/built-in.o
                0x000000000001b6f4                get_root_device
 .text.read_lines_notify
                0x000000000001b988      0x23c core/built-in.o
                0x000000000001b988                read_lines_notify
 .text.get_output_size
                0x000000000001bbc4      0x328 core/built-in.o
                0x000000000001bbc4                get_output_size
 .text.img_check_free_space
                0x000000000001beec       0x48 core/built-in.o
                0x000000000001beec                img_check_free_space
 .text.check_handler
                0x000000000001bf34      0x184 core/built-in.o
 .text.check_handler_list.isra.0
                0x000000000001c0b8       0x90 core/built-in.o
 .text.check_hash_absent.isra.0
                0x000000000001c148      0x10c core/built-in.o
 .text.parse    0x000000000001c254      0x558 core/built-in.o
                0x000000000001c254                parse
 .text.parent_dead_handler
                0x000000000001c7ac        0xc core/built-in.o
 .text.start_swupdate_subprocess
                0x000000000001c7b8      0x520 core/built-in.o
 .text.start_thread
                0x000000000001ccd8       0xb4 core/built-in.o
                0x000000000001ccd8                start_thread
 .text.thread_ready
                0x000000000001cd8c       0x3c core/built-in.o
                0x000000000001cd8c                thread_ready
 .text.wait_threads_ready
                0x000000000001cdc8       0x58 core/built-in.o
                0x000000000001cdc8                wait_threads_ready
 .text.start_subprocess_from_file
                0x000000000001ce20       0x20 core/built-in.o
                0x000000000001ce20                start_subprocess_from_file
 .text.start_subprocess
                0x000000000001ce40       0x1c core/built-in.o
                0x000000000001ce40                start_subprocess
 .text.run_system_cmd
                0x000000000001ce5c      0x7a0 core/built-in.o
                0x000000000001ce5c                run_system_cmd
 .text.sigchld_handler
                0x000000000001d5fc      0x1fc core/built-in.o
                0x000000000001d5fc                sigchld_handler
 .text.pctl_getfd_from_type
                0x000000000001d7f8       0x54 core/built-in.o
                0x000000000001d7f8                pctl_getfd_from_type
 .text.pctl_getname_from_type
                0x000000000001d84c       0x58 core/built-in.o
                0x000000000001d84c                pctl_getname_from_type
 .text.save_state
                0x000000000001d8a4       0xdc core/built-in.o
                0x000000000001d8a4                save_state
 .text.get_state
                0x000000000001d980      0x2d8 core/built-in.o
                0x000000000001d980                get_state
 .text.syslog_notifier
                0x000000000001dc58       0xfc core/built-in.o
 .text.syslog_init
                0x000000000001dd54       0x1c core/built-in.o
                0x000000000001dd54                syslog_init
 .text.run_prepost_scripts.isra.0
                0x000000000001dd70       0x9c core/built-in.o
 .text.extract_scripts.isra.0
                0x000000000001de0c      0x3e0 core/built-in.o
 .text.check_if_required
                0x000000000001e1ec      0x220 core/built-in.o
                0x000000000001e1ec                check_if_required
 .text.install_single_image
                0x000000000001e40c      0x1b4 core/built-in.o
                0x000000000001e40c                install_single_image
 .text.free_image
                0x000000000001e5c0       0x1c core/built-in.o
                0x000000000001e5c0                free_image
 .text.install_images
                0x000000000001e5dc      0x818 core/built-in.o
                0x000000000001e5dc                install_images
 .text.cleanup_files
                0x000000000001edf4      0x3a0 core/built-in.o
                0x000000000001edf4                cleanup_files
 .text.preupdatecmd
                0x000000000001f194      0x108 core/built-in.o
                0x000000000001f194                preupdatecmd
 .text.postupdate
                0x000000000001f29c      0x110 core/built-in.o
                0x000000000001f29c                postupdate
 .text.unlink_socket
                0x000000000001f3ac       0x40 core/built-in.o
 .text.send_subprocess_reply
                0x000000000001f3ec       0xfc core/built-in.o
 .text.clean_msg
                0x000000000001f4e8       0x40 core/built-in.o
 .text.write_notify_msg
                0x000000000001f528       0x74 core/built-in.o
 .text.handle_subprocess_ipc
                0x000000000001f59c      0x3d4 core/built-in.o
 .text.subprocess_thread
                0x000000000001f970       0xc8 core/built-in.o
 .text.network_notifier
                0x000000000001fa38      0x220 core/built-in.o
 .text.listener_create
                0x000000000001fc58      0x318 core/built-in.o
                0x000000000001fc58                listener_create
 .text.network_thread
                0x000000000001ff70      0xcd8 core/built-in.o
                0x000000000001ff70                network_thread
 .text.get_state_string
                0x0000000000020c48       0x78 core/built-in.o
 .text.cpfiles  0x0000000000020cc0       0xc8 core/built-in.o
 .text.update_transaction_state
                0x0000000000020d88      0x13c core/built-in.o
 .text.extract_file_to_tmp.constprop.0
                0x0000000000020ec4      0x314 core/built-in.o
 .text.network_initializer
                0x00000000000211d8     0x1150 core/built-in.o
                0x00000000000211d8                network_initializer
 .text.get_install_swset
                0x0000000000022328       0x20 core/built-in.o
                0x0000000000022328                get_install_swset
 .text.get_install_running_mode
                0x0000000000022348       0x20 core/built-in.o
                0x0000000000022348                get_install_running_mode
 .text.get_install_info
                0x0000000000022368       0x64 core/built-in.o
                0x0000000000022368                get_install_info
 .text.set_version_range
                0x00000000000223cc       0xd8 core/built-in.o
                0x00000000000223cc                set_version_range
 .text.send_progress_msg
                0x00000000000224a4       0xc8 core/built-in.o
 .text.swupdate_progress_init
                0x000000000002256c       0x5c core/built-in.o
                0x000000000002256c                swupdate_progress_init
 .text.swupdate_progress_update
                0x00000000000225c8       0x54 core/built-in.o
                0x00000000000225c8                swupdate_progress_update
 .text.swupdate_download_update
                0x000000000002261c       0xec core/built-in.o
                0x000000000002261c                swupdate_download_update
 .text.swupdate_progress_inc_step
                0x0000000000022708       0x7c core/built-in.o
                0x0000000000022708                swupdate_progress_inc_step
 .text.swupdate_progress_step_completed
                0x0000000000022784       0x34 core/built-in.o
                0x0000000000022784                swupdate_progress_step_completed
 .text.swupdate_progress_end
                0x00000000000227b8       0x48 core/built-in.o
                0x00000000000227b8                swupdate_progress_end
 .text.swupdate_progress_info
                0x0000000000022800       0x88 core/built-in.o
                0x0000000000022800                swupdate_progress_info
 .text.swupdate_progress_done
                0x0000000000022888       0x78 core/built-in.o
                0x0000000000022888                swupdate_progress_done
 .text.progress_bar_thread
                0x0000000000022900      0x324 core/built-in.o
                0x0000000000022900                progress_bar_thread
 .text.check_field_string
                0x0000000000022c24      0x124 core/built-in.o
                0x0000000000022c24                check_field_string
 .text.get_array_length
                0x0000000000022d48       0x30 core/built-in.o
                0x0000000000022d48                get_array_length
 .text.get_child
                0x0000000000022d78       0x28 core/built-in.o
                0x0000000000022d78                get_child
 .text.iterate_field
                0x0000000000022da0       0x28 core/built-in.o
                0x0000000000022da0                iterate_field
 .text.get_elem_from_idx
                0x0000000000022dc8       0x28 core/built-in.o
                0x0000000000022dc8                get_elem_from_idx
 .text.get_field_string
                0x0000000000022df0       0x28 core/built-in.o
                0x0000000000022df0                get_field_string
 .text.get_field_string_with_size
                0x0000000000022e18       0x50 core/built-in.o
                0x0000000000022e18                get_field_string_with_size
 .text.get_field
                0x0000000000022e68       0x28 core/built-in.o
                0x0000000000022e68                get_field
 .text.exist_field_string
                0x0000000000022e90       0x74 core/built-in.o
                0x0000000000022e90                exist_field_string
 .text.find_root
                0x0000000000022f04       0x30 core/built-in.o
                0x0000000000022f04                find_root
 .text.get_node
                0x0000000000022f34       0x28 core/built-in.o
                0x0000000000022f34                get_node
 .text.get_hash_value
                0x0000000000022f5c       0x7c core/built-in.o
                0x0000000000022f5c                get_hash_value
 .text.set_find_path
                0x0000000000022fd8      0x42c core/built-in.o
                0x0000000000022fd8                set_find_path
 .text.version_to_number
                0x0000000000023404      0x194 core/built-in.o
 .text.is_oldstyle_version
                0x0000000000023598       0x68 core/built-in.o
 .text.versions_settings
                0x0000000000023600      0x210 core/built-in.o
 .text.read_sw_version_file
                0x0000000000023810      0x2c0 core/built-in.o
 .text.get_sw_versions
                0x0000000000023ad0       0x3c core/built-in.o
                0x0000000000023ad0                get_sw_versions
 .text.compare_versions
                0x0000000000023b0c      0x318 core/built-in.o
                0x0000000000023b0c                compare_versions
 .text.insert_entry
                0x0000000000023e24       0x60 core/built-in.o
 .text.insert_list_elem
                0x0000000000023e84       0x60 core/built-in.o
 .text.get_entry.isra.0
                0x0000000000023ee4       0x3c core/built-in.o
 .text.remove_entry
                0x0000000000023f20       0x74 core/built-in.o
 .text.dict_entry_get_key
                0x0000000000023f94        0xc core/built-in.o
                0x0000000000023f94                dict_entry_get_key
 .text.dict_entry_get_value
                0x0000000000023fa0       0x14 core/built-in.o
                0x0000000000023fa0                dict_entry_get_value
 .text.dict_get_list
                0x0000000000023fb4       0x1c core/built-in.o
                0x0000000000023fb4                dict_get_list
 .text.dict_get_value
                0x0000000000023fd0       0x20 core/built-in.o
                0x0000000000023fd0                dict_get_value
 .text.dict_insert_value
                0x0000000000023ff0       0x54 core/built-in.o
                0x0000000000023ff0                dict_insert_value
 .text.dict_set_value
                0x0000000000024044       0x58 core/built-in.o
                0x0000000000024044                dict_set_value
 .text.dict_remove
                0x000000000002409c       0x20 core/built-in.o
                0x000000000002409c                dict_remove
 .text.dict_drop_db
                0x00000000000240bc       0x28 core/built-in.o
                0x00000000000240bc                dict_drop_db
 .text.dict_parse_script
                0x00000000000240e4      0x274 core/built-in.o
                0x00000000000240e4                dict_parse_script
 .text.has_valid_chars
                0x0000000000024358       0x70 core/built-in.o
 .text.parse_slice
                0x00000000000243c8       0x68 core/built-in.o
 .text.compare_prerelease
                0x0000000000024430      0x208 core/built-in.o
 .text.concat_num
                0x0000000000024638       0xbc core/built-in.o
 .text.concat_char
                0x00000000000246f4       0x98 core/built-in.o
 .text.char_to_int
                0x000000000002478c       0x78 core/built-in.o
 .text.semver_parse_version
                0x0000000000024804      0x110 core/built-in.o
                0x0000000000024804                semver_parse_version
 .text.semver_compare_prerelease
                0x0000000000024914        0xc core/built-in.o
                0x0000000000024914                semver_compare_prerelease
 .text.semver_compare_version
                0x0000000000024920       0x44 core/built-in.o
                0x0000000000024920                semver_compare_version
 .text.semver_compare
                0x0000000000024964       0x54 core/built-in.o
                0x0000000000024964                semver_compare
 .text.semver_gt
                0x00000000000249b8       0x40 core/built-in.o
                0x00000000000249b8                semver_gt
 .text.semver_lt
                0x00000000000249f8       0x40 core/built-in.o
                0x00000000000249f8                semver_lt
 .text.semver_eq
                0x0000000000024a38       0x40 core/built-in.o
                0x0000000000024a38                semver_eq
 .text.semver_neq
                0x0000000000024a78       0x40 core/built-in.o
                0x0000000000024a78                semver_neq
 .text.semver_gte
                0x0000000000024ab8       0x40 core/built-in.o
                0x0000000000024ab8                semver_gte
 .text.semver_lte
                0x0000000000024af8       0x40 core/built-in.o
                0x0000000000024af8                semver_lte
 .text.semver_satisfies_caret
                0x0000000000024b38       0x64 core/built-in.o
                0x0000000000024b38                semver_satisfies_caret
 .text.semver_satisfies_patch
                0x0000000000024b9c       0x14 core/built-in.o
                0x0000000000024b9c                semver_satisfies_patch
 .text.semver_satisfies
                0x0000000000024bb0      0x138 core/built-in.o
                0x0000000000024bb0                semver_satisfies
 .text.semver_free
                0x0000000000024ce8       0x30 core/built-in.o
                0x0000000000024ce8                semver_free
 .text.semver_render
                0x0000000000024d18       0x8c core/built-in.o
                0x0000000000024d18                semver_render
 .text.semver_bump
                0x0000000000024da4       0x10 core/built-in.o
                0x0000000000024da4                semver_bump
 .text.semver_bump_minor
                0x0000000000024db4       0x10 core/built-in.o
                0x0000000000024db4                semver_bump_minor
 .text.semver_bump_patch
                0x0000000000024dc4       0x10 core/built-in.o
                0x0000000000024dc4                semver_bump_patch
 .text.semver_is_valid
                0x0000000000024dd4       0x3c core/built-in.o
                0x0000000000024dd4                semver_is_valid
 .text.semver_parse
                0x0000000000024e10       0x8c core/built-in.o
                0x0000000000024e10                semver_parse
 .text.semver_clean
                0x0000000000024e9c       0xfc core/built-in.o
                0x0000000000024e9c                semver_clean
 .text.semver_numeric
                0x0000000000024f98      0x11c core/built-in.o
                0x0000000000024f98                semver_numeric
 .text.strlcpy  0x00000000000250b4       0x4c core/built-in.o
                0x00000000000250b4                strlcpy
 .text.install_nothing
                0x0000000000025100      0x114 handlers/built-in.o
 .text.dummy_handler
                0x0000000000025214       0x1c handlers/built-in.o
                0x0000000000025214                dummy_handler
 .text.chain_handler_thread
                0x0000000000025230      0x108 handlers/built-in.o
                0x0000000000025230                chain_handler_thread
 .text.extract  0x0000000000025338      0x820 handlers/built-in.o
 .text.install_archive_image
                0x0000000000025b58      0xb5c handlers/built-in.o
 .text.archive_handler
                0x00000000000266b4       0x1c handlers/built-in.o
                0x00000000000266b4                archive_handler
 .text.untar_handler
                0x00000000000266d0       0x1c handlers/built-in.o
                0x00000000000266d0                untar_handler
 .text.install_boot_environment
                0x00000000000266ec      0x4c0 handlers/built-in.o
 .text.uboot_handler
                0x0000000000026bac       0x1c handlers/built-in.o
 .text.boot_handler
                0x0000000000026bc8       0x1c handlers/built-in.o
 .text.copy_image_file
                0x0000000000026be4      0x94c handlers/built-in.o
 .text.copy_handler
                0x0000000000027530       0x1c handlers/built-in.o
 .text.raw_copyimage_handler
                0x000000000002754c       0x1c handlers/built-in.o
 .text.erase_buffer
                0x0000000000027568       0x1c handlers/built-in.o
 .text.install_flash_image
                0x0000000000027584      0xd48 handlers/built-in.o
 .text.flash_handler
                0x00000000000282cc       0x1c handlers/built-in.o
                0x00000000000282cc                flash_handler
 .text.blkprotect
                0x00000000000282e8      0x2d0 handlers/built-in.o
 .text.install_raw_image
                0x00000000000285b8      0x12c handlers/built-in.o
 .text.install_raw_file
                0x00000000000286e4      0x81c handlers/built-in.o
 .text.raw_image_handler
                0x0000000000028f00       0x1c handlers/built-in.o
                0x0000000000028f00                raw_image_handler
 .text.raw_file_handler
                0x0000000000028f1c       0x1c handlers/built-in.o
                0x0000000000028f1c                raw_file_handler
 .text.execute_shell_script
                0x0000000000028f38      0x1e4 handlers/built-in.o
 .text.start_shell_script
                0x000000000002911c       0x40 handlers/built-in.o
 .text.start_preinstall_script
                0x000000000002915c       0x2c handlers/built-in.o
 .text.start_postinstall_script
                0x0000000000029188       0x2c handlers/built-in.o
 .text.shell_handler
                0x00000000000291b4       0x1c handlers/built-in.o
 .text.shell_preinstall_handler
                0x00000000000291d0       0x1c handlers/built-in.o
 .text.shell_postinstall_handler
                0x00000000000291ec       0x1c handlers/built-in.o
 .text.do_apply_list
                0x0000000000029208       0x10 bootloader/built-in.o
 .text.do_env_get
                0x0000000000029218       0x28 bootloader/built-in.o
 .text.do_env_unset
                0x0000000000029240       0x20 bootloader/built-in.o
 .text.do_env_set
                0x0000000000029260       0x24 bootloader/built-in.o
 .text.none_probe
                0x0000000000029284       0x14 bootloader/built-in.o
 .text.__ipc_get_status
                0x0000000000029298      0x154 ipc/built-in.o
 .text.get_ctrl_socket
                0x00000000000293ec       0x70 ipc/built-in.o
                0x00000000000293ec                get_ctrl_socket
 .text.prepare_ipc
                0x000000000002945c       0xb0 ipc/built-in.o
 .text.ipc_postupdate
                0x000000000002950c      0x170 ipc/built-in.o
                0x000000000002950c                ipc_postupdate
 .text.ipc_get_status
                0x000000000002967c       0x48 ipc/built-in.o
                0x000000000002967c                ipc_get_status
 .text.ipc_get_status_timeout
                0x00000000000296c4       0x60 ipc/built-in.o
                0x00000000000296c4                ipc_get_status_timeout
 .text.ipc_notify_connect
                0x0000000000029724       0xf4 ipc/built-in.o
                0x0000000000029724                ipc_notify_connect
 .text.ipc_notify_receive
                0x0000000000029818       0xa4 ipc/built-in.o
                0x0000000000029818                ipc_notify_receive
 .text.ipc_inst_start_ext
                0x00000000000298bc      0x110 ipc/built-in.o
                0x00000000000298bc                ipc_inst_start_ext
 .text.ipc_inst_start
                0x00000000000299cc        0xc ipc/built-in.o
                0x00000000000299cc                ipc_inst_start
 .text.ipc_send_data
                0x00000000000299d8       0x5c ipc/built-in.o
                0x00000000000299d8                ipc_send_data
 .text.ipc_end  0x0000000000029a34        0x4 ipc/built-in.o
                0x0000000000029a34                ipc_end
 .text.ipc_wait_for_complete
                0x0000000000029a38       0xe8 ipc/built-in.o
                0x0000000000029a38                ipc_wait_for_complete
 .text.ipc_send_cmd
                0x0000000000029b20       0x74 ipc/built-in.o
                0x0000000000029b20                ipc_send_cmd
 .text.swupdate_async_start
                0x0000000000029b94      0x11c ipc/built-in.o
                0x0000000000029b94                swupdate_async_start
 .text.swupdate_image_write
                0x0000000000029cb0       0x14 ipc/built-in.o
                0x0000000000029cb0                swupdate_image_write
 .text.swupdate_async_thread
                0x0000000000029cc4      0x124 ipc/built-in.o
 .text.swupdate_set_aes
                0x0000000000029de8       0xe0 ipc/built-in.o
                0x0000000000029de8                swupdate_set_aes
 .text.swupdate_set_version_range
                0x0000000000029ec8       0xc4 ipc/built-in.o
                0x0000000000029ec8                swupdate_set_version_range
 .text.swupdate_prepare_req
                0x0000000000029f8c       0x30 ipc/built-in.o
                0x0000000000029f8c                swupdate_prepare_req
 .text._progress_ipc_connect
                0x0000000000029fbc       0xec ipc/built-in.o
 .text.get_prog_socket
                0x000000000002a0a8       0x78 ipc/built-in.o
                0x000000000002a0a8                get_prog_socket
 .text.progress_ipc_connect_with_path
                0x000000000002a120        0x4 ipc/built-in.o
                0x000000000002a120                progress_ipc_connect_with_path
 .text.progress_ipc_connect
                0x000000000002a124       0x18 ipc/built-in.o
                0x000000000002a124                progress_ipc_connect
 .text.progress_ipc_receive
                0x000000000002a13c       0x54 ipc/built-in.o
                0x000000000002a13c                progress_ipc_receive
 .text.download_settings
                0x000000000002a190      0x11c corelib/lib.a(downloader.o)
 .text.download_print_help
                0x000000000002a2ac       0x24 corelib/lib.a(downloader.o)
                0x000000000002a2ac                download_print_help
 .text.start_download
                0x000000000002a2d0      0x2dc corelib/lib.a(downloader.o)
                0x000000000002a2d0                start_download
 .text.lua_dump_table
                0x000000000002a5ac      0x468 corelib/lib.a(lua_interface.o)
 .text.push_st_mode
                0x000000000002aa14       0xbc corelib/lib.a(lua_interface.o)
 .text.l_get_hw
                0x000000000002aad0       0xa0 corelib/lib.a(lua_interface.o)
 .text.push_st_blksize
                0x000000000002ab70        0x8 corelib/lib.a(lua_interface.o)
 .text.push_st_blocks
                0x000000000002ab78        0x8 corelib/lib.a(lua_interface.o)
 .text.push_st_size
                0x000000000002ab80        0x8 corelib/lib.a(lua_interface.o)
 .text.push_st_gid
                0x000000000002ab88        0x8 corelib/lib.a(lua_interface.o)
 .text.push_st_uid
                0x000000000002ab90        0x8 corelib/lib.a(lua_interface.o)
 .text.push_st_nlink
                0x000000000002ab98        0x8 corelib/lib.a(lua_interface.o)
 .text.push_st_ino
                0x000000000002aba0        0x8 corelib/lib.a(lua_interface.o)
 .text.getroot_dev_path
                0x000000000002aba8      0x128 corelib/lib.a(lua_interface.o)
 .text.l_getroot
                0x000000000002acd0      0x1e0 corelib/lib.a(lua_interface.o)
 .text.lua_notify_progress
                0x000000000002aeb0       0x40 corelib/lib.a(lua_interface.o)
                0x000000000002aeb0                lua_notify_progress
 .text.l_get_bootenv
                0x000000000002aef0       0x78 corelib/lib.a(lua_interface.o)
 .text.l_umount
                0x000000000002af68      0x15c corelib/lib.a(lua_interface.o)
 .text.l_stat   0x000000000002b0c4       0xd0 corelib/lib.a(lua_interface.o)
 .text.l_mount  0x000000000002b194      0x260 corelib/lib.a(lua_interface.o)
 .text.l_notify
                0x000000000002b3f4       0x80 corelib/lib.a(lua_interface.o)
 .text.lua_push_enum
                0x000000000002b474       0x34 corelib/lib.a(lua_interface.o)
 .text.luaopen_swupdate
                0x000000000002b4a8      0x1a4 corelib/lib.a(lua_interface.o)
 .text.notify_helper
                0x000000000002b64c      0x34c corelib/lib.a(lua_interface.o)
 .text.lua_notify_trace
                0x000000000002b998        0x8 corelib/lib.a(lua_interface.o)
                0x000000000002b998                lua_notify_trace
 .text.lua_notify_error
                0x000000000002b9a0        0x8 corelib/lib.a(lua_interface.o)
                0x000000000002b9a0                lua_notify_error
 .text.lua_notify_info
                0x000000000002b9a8        0x8 corelib/lib.a(lua_interface.o)
                0x000000000002b9a8                lua_notify_info
 .text.lua_notify_warn
                0x000000000002b9b0        0x8 corelib/lib.a(lua_interface.o)
                0x000000000002b9b0                lua_notify_warn
 .text.lua_notify_debug
                0x000000000002b9b8        0x8 corelib/lib.a(lua_interface.o)
                0x000000000002b9b8                lua_notify_debug
 .text.lua_get_swupdate_version
                0x000000000002b9c0      0x100 corelib/lib.a(lua_interface.o)
                0x000000000002b9c0                lua_get_swupdate_version
 .text.push_st_ctime
                0x000000000002bac0       0x20 corelib/lib.a(lua_interface.o)
 .text.push_st_mtime
                0x000000000002bae0       0x20 corelib/lib.a(lua_interface.o)
 .text.push_st_atime
                0x000000000002bb00       0x20 corelib/lib.a(lua_interface.o)
 .text.push_device
                0x000000000002bb20       0x84 corelib/lib.a(lua_interface.o)
 .text.push_st_rdev
                0x000000000002bba4        0x8 corelib/lib.a(lua_interface.o)
 .text.push_st_dev
                0x000000000002bbac        0x8 corelib/lib.a(lua_interface.o)
 .text.l_get_selection
                0x000000000002bbb4       0x84 corelib/lib.a(lua_interface.o)
 .text.l_set_bootenv
                0x000000000002bc38       0x94 corelib/lib.a(lua_interface.o)
 .text.update_table
                0x000000000002bccc      0x5c8 corelib/lib.a(lua_interface.o)
 .text.push_st_perm
                0x000000000002c294       0xd0 corelib/lib.a(lua_interface.o)
 .text.LUAstackDump
                0x000000000002c364      0x274 corelib/lib.a(lua_interface.o)
                0x000000000002c364                LUAstackDump
 .text.run_lua_script
                0x000000000002c5d8      0x420 corelib/lib.a(lua_interface.o)
                0x000000000002c5d8                run_lua_script
 .text.lua_handlers_init
                0x000000000002c9f8        0x8 corelib/lib.a(lua_interface.o)
                0x000000000002c9f8                lua_handlers_init
 .text.lua_parser_init
                0x000000000002ca00      0x19c corelib/lib.a(lua_interface.o)
                0x000000000002ca00                lua_parser_init
 .text.lua_parser_fn
                0x000000000002cb9c      0x974 corelib/lib.a(lua_interface.o)
                0x000000000002cb9c                lua_parser_fn
 .text.ubi_insert_list
                0x000000000002d510       0x3c corelib/lib.a(mtd-interface.o)
 .text.flash_erase_sector
                0x000000000002d54c      0x614 corelib/lib.a(mtd-interface.o)
                0x000000000002d54c                flash_erase_sector
 .text.flash_erase
                0x000000000002db60        0xc corelib/lib.a(mtd-interface.o)
                0x000000000002db60                flash_erase
 .text.mtd_init
                0x000000000002db6c      0x108 corelib/lib.a(mtd-interface.o)
                0x000000000002db6c                mtd_init
 .text.mtd_set_ubiblacklist
                0x000000000002dc74       0x14 corelib/lib.a(mtd-interface.o)
                0x000000000002dc74                mtd_set_ubiblacklist
 .text.get_mtd_from_device
                0x000000000002dc88      0x188 corelib/lib.a(mtd-interface.o)
                0x000000000002dc88                get_mtd_from_device
 .text.get_mtd_from_name
                0x000000000002de10       0x68 corelib/lib.a(mtd-interface.o)
                0x000000000002de10                get_mtd_from_name
 .text.ubi_init
                0x000000000002de78      0x13c corelib/lib.a(mtd-interface.o)
                0x000000000002de78                ubi_init
 .text.scan_mtd_devices
                0x000000000002dfb4      0x3b8 corelib/lib.a(mtd-interface.o)
                0x000000000002dfb4                scan_mtd_devices
 .text.ubi_mount
                0x000000000002e36c      0x150 corelib/lib.a(mtd-interface.o)
                0x000000000002e36c                ubi_mount
 .text.ubi_umount
                0x000000000002e4bc        0x4 corelib/lib.a(mtd-interface.o)
                0x000000000002e4bc                ubi_umount
 .text.mtd_cleanup
                0x000000000002e4c0       0x98 corelib/lib.a(mtd-interface.o)
                0x000000000002e4c0                mtd_cleanup
 .text.get_value_libconfig
                0x000000000002e558       0x74 corelib/lib.a(parsing_library_libconfig.o)
                0x000000000002e558                get_value_libconfig
 .text.get_child_libconfig
                0x000000000002e5cc        0x4 corelib/lib.a(parsing_library_libconfig.o)
                0x000000000002e5cc                get_child_libconfig
 .text.iterate_field_libconfig
                0x000000000002e5d0       0xc4 corelib/lib.a(parsing_library_libconfig.o)
                0x000000000002e5d0                iterate_field_libconfig
 .text.get_field_cfg
                0x000000000002e694       0x28 corelib/lib.a(parsing_library_libconfig.o)
                0x000000000002e694                get_field_cfg
 .text.get_field_string_libconfig
                0x000000000002e6bc       0xa0 corelib/lib.a(parsing_library_libconfig.o)
                0x000000000002e6bc                get_field_string_libconfig
 .text.get_node_libconfig
                0x000000000002e75c       0x50 corelib/lib.a(parsing_library_libconfig.o)
                0x000000000002e75c                get_node_libconfig
 .text.find_root_libconfig
                0x000000000002e7ac       0xc8 corelib/lib.a(parsing_library_libconfig.o)
                0x000000000002e7ac                find_root_libconfig
 .text.find_json_recursive_node
                0x000000000002e874       0x78 corelib/lib.a(parsing_library_libjson.o)
                0x000000000002e874                find_json_recursive_node
 .text.get_child_json
                0x000000000002e8ec       0x60 corelib/lib.a(parsing_library_libjson.o)
                0x000000000002e8ec                get_child_json
 .text.iterate_field_json
                0x000000000002e94c       0xe4 corelib/lib.a(parsing_library_libjson.o)
                0x000000000002e94c                iterate_field_json
 .text.get_field_string_json
                0x000000000002ea30       0x74 corelib/lib.a(parsing_library_libjson.o)
                0x000000000002ea30                get_field_string_json
 .text.get_value_json
                0x000000000002eaa4       0x88 corelib/lib.a(parsing_library_libjson.o)
                0x000000000002eaa4                get_value_json
 .text.get_field_json
                0x000000000002eb2c       0x74 corelib/lib.a(parsing_library_libjson.o)
                0x000000000002eb2c                get_field_json
 .text.json_get_key
                0x000000000002eba0       0x4c corelib/lib.a(parsing_library_libjson.o)
                0x000000000002eba0                json_get_key
 .text.json_get_value
                0x000000000002ebec       0x24 corelib/lib.a(parsing_library_libjson.o)
                0x000000000002ebec                json_get_value
 .text.json_get_path_key
                0x000000000002ec10       0x28 corelib/lib.a(parsing_library_libjson.o)
                0x000000000002ec10                json_get_path_key
 .text.json_get_data_url
                0x000000000002ec38       0x78 corelib/lib.a(parsing_library_libjson.o)
                0x000000000002ec38                json_get_data_url
 .text.find_root_json
                0x000000000002ecb0       0x9c corelib/lib.a(parsing_library_libjson.o)
                0x000000000002ecb0                find_root_json
 .text.get_node_json
                0x000000000002ed4c        0x4 corelib/lib.a(parsing_library_libjson.o)
                0x000000000002ed4c                get_node_json
 .text.get_run_as
                0x000000000002ed50       0x50 corelib/lib.a(swupdate_settings.o)
 .text.read_module_settings
                0x000000000002eda0      0x168 corelib/lib.a(swupdate_settings.o)
                0x000000000002eda0                read_module_settings
 .text.read_settings_user_id
                0x000000000002ef08       0xa8 corelib/lib.a(swupdate_settings.o)
                0x000000000002ef08                read_settings_user_id
 .text.settings_into_dict
                0x000000000002efb0      0x18c corelib/lib.a(swupdate_settings.o)
                0x000000000002efb0                settings_into_dict
 .text.swupdate_cfg_init
                0x000000000002f13c        0x4 corelib/lib.a(swupdate_settings.o)
                0x000000000002f13c                swupdate_cfg_init
 .text.swupdate_cfg_read_file
                0x000000000002f140      0x1d4 corelib/lib.a(swupdate_settings.o)
                0x000000000002f140                swupdate_cfg_read_file
 .text.swupdate_cfg_destroy
                0x000000000002f314        0x4 corelib/lib.a(swupdate_settings.o)
                0x000000000002f314                swupdate_cfg_destroy
 .text._curl_easy_setopt_err_curl_off_t
                0x000000000002f318        0x4 corelib/lib.a(channel_curl.o)
 .text._curl_easy_setopt_err_write_callback
                0x000000000002f31c        0x4 corelib/lib.a(channel_curl.o)
 .text.channel_log_reply
                0x000000000002f320      0x1c4 corelib/lib.a(channel_curl.o)
 .text.channel_get_redirect_url
                0x000000000002f4e4       0xac corelib/lib.a(channel_curl.o)
                0x000000000002f4e4                channel_get_redirect_url
 .text.put_read_callback
                0x000000000002f590       0x7c corelib/lib.a(channel_curl.o)
 .text.channel_callback_xferinfo
                0x000000000002f60c      0x108 corelib/lib.a(channel_curl.o)
 .text.channel_close
                0x000000000002f714       0x44 corelib/lib.a(channel_curl.o)
 .text.setup_reply_buffer
                0x000000000002f758      0x1ac corelib/lib.a(channel_curl.o)
 .text.parse_reply
                0x000000000002f904      0x30c corelib/lib.a(channel_curl.o)
 .text.channel_open
                0x000000000002fc10      0x108 corelib/lib.a(channel_curl.o)
 .text.channel_callback_membuffer
                0x000000000002fd18      0x12c corelib/lib.a(channel_curl.o)
                0x000000000002fd18                channel_callback_membuffer
 .text.channel_callback_headers
                0x000000000002fe44      0x250 corelib/lib.a(channel_curl.o)
 .text.channel_set_content_type.isra.0
                0x0000000000030094      0x314 corelib/lib.a(channel_curl.o)
 .text.channel_log_effective_url.isra.0
                0x00000000000303a8      0x144 corelib/lib.a(channel_curl.o)
 .text.channel_get_total_download_size.isra.0
                0x00000000000304ec      0x138 corelib/lib.a(channel_curl.o)
 .text.channel_curl_init
                0x0000000000030624      0x100 corelib/lib.a(channel_curl.o)
                0x0000000000030624                channel_curl_init
 .text.channel_new
                0x0000000000030724       0x6c corelib/lib.a(channel_curl.o)
                0x0000000000030724                channel_new
 .text.channel_map_http_code
                0x0000000000030790      0x3b4 corelib/lib.a(channel_curl.o)
                0x0000000000030790                channel_map_http_code
 .text.channel_callback_ipc
                0x0000000000030b44      0x1bc corelib/lib.a(channel_curl.o)
                0x0000000000030b44                channel_callback_ipc
 .text.channel_map_curl_error
                0x0000000000030d00       0x20 corelib/lib.a(channel_curl.o)
                0x0000000000030d00                channel_map_curl_error
 .text.channel_set_options
                0x0000000000030d20      0x584 corelib/lib.a(channel_curl.o)
                0x0000000000030d20                channel_set_options
 .text.channel_put
                0x00000000000312a4      0x6d4 corelib/lib.a(channel_curl.o)
 .text.channel_get_file
                0x0000000000031978      0xef8 corelib/lib.a(channel_curl.o)
 .text.channel_get
                0x0000000000032870      0x3a0 corelib/lib.a(channel_curl.o)
 .text.signal_handler
                0x0000000000032c10        0xc mongoose/lib.a(mongoose_interface.o)
 .text.p_list   0x0000000000032c1c        0x4 mongoose/lib.a(mongoose_interface.o)
 .text.p_open   0x0000000000032c20       0x14 mongoose/lib.a(mongoose_interface.o)
 .text.p_close  0x0000000000032c34       0x14 mongoose/lib.a(mongoose_interface.o)
 .text.p_read   0x0000000000032c48       0x14 mongoose/lib.a(mongoose_interface.o)
 .text.p_write  0x0000000000032c5c       0x14 mongoose/lib.a(mongoose_interface.o)
 .text.p_seek   0x0000000000032c70       0x14 mongoose/lib.a(mongoose_interface.o)
 .text.p_rename
                0x0000000000032c84       0x14 mongoose/lib.a(mongoose_interface.o)
 .text.p_remove
                0x0000000000032c98       0x14 mongoose/lib.a(mongoose_interface.o)
 .text.p_mkdir  0x0000000000032cac       0x14 mongoose/lib.a(mongoose_interface.o)
 .text.broadcast
                0x0000000000032cc0       0x34 mongoose/lib.a(mongoose_interface.o)
 .text.mg_time  0x0000000000032cf4       0x74 mongoose/lib.a(mongoose_interface.o)
 .text.cs_md5   0x0000000000032d68      0x184 mongoose/lib.a(mongoose_interface.o)
 .text.broadcast_callback
                0x0000000000032eec       0x60 mongoose/lib.a(mongoose_interface.o)
 .text.p_stat   0x0000000000032f4c       0x4c mongoose/lib.a(mongoose_interface.o)
 .text.mongoose_settings
                0x0000000000032f98      0x1fc mongoose/lib.a(mongoose_interface.o)
 .text.broadcast_progress_thread
                0x0000000000033194      0x2f8 mongoose/lib.a(mongoose_interface.o)
 .text.broadcast_message_thread
                0x000000000003348c      0x130 mongoose/lib.a(mongoose_interface.o)
 .text.timer_ev_handler
                0x00000000000335bc      0x174 mongoose/lib.a(mongoose_interface.o)
 .text.upload_handler
                0x0000000000033730      0x45c mongoose/lib.a(mongoose_interface.o)
 .text.mg_check_digest_auth.isra.0
                0x0000000000033b8c      0x1fc mongoose/lib.a(mongoose_interface.o)
 .text.mg_http_is_authorized
                0x0000000000033d88      0x27c mongoose/lib.a(mongoose_interface.o)
 .text.ev_handler
                0x0000000000034004      0x3cc mongoose/lib.a(mongoose_interface.o)
 .text.mongoose_print_help
                0x00000000000343d0       0x2c mongoose/lib.a(mongoose_interface.o)
                0x00000000000343d0                mongoose_print_help
 .text.start_mongoose
                0x00000000000343fc      0x52c mongoose/lib.a(mongoose_interface.o)
                0x00000000000343fc                start_mongoose
 .text.mg_http_multipart_call_handler
                0x0000000000034928       0x90 mongoose/lib.a(mongoose_multipart.o)
 .text.mg_http_multipart_continue
                0x00000000000349b8      0x3fc mongoose/lib.a(mongoose_multipart.o)
 .text.multipart_upload_handler
                0x0000000000034db4      0x20c mongoose/lib.a(mongoose_multipart.o)
                0x0000000000034db4                multipart_upload_handler
 .text.mg_b64idx
                0x0000000000034fc0       0x44 mongoose/lib.a(mongoose.o)
 .text.mg_b64rev
                0x0000000000035004       0x60 mongoose/lib.a(mongoose.o)
 .text.addexp   0x0000000000035064       0x94 mongoose/lib.a(mongoose.o)
 .text.mg_lld   0x00000000000350f8       0xd0 mongoose/lib.a(mongoose.o)
 .text.scpy     0x00000000000351c8       0x54 mongoose/lib.a(mongoose.o)
 .text.packed_stat
                0x000000000003521c        0x8 mongoose/lib.a(mongoose.o)
 .text.packed_list
                0x0000000000035224        0x4 mongoose/lib.a(mongoose.o)
 .text.packed_open
                0x0000000000035228        0x8 mongoose/lib.a(mongoose.o)
 .text.packed_write
                0x0000000000035230        0x8 mongoose/lib.a(mongoose.o)
 .text.packed_seek
                0x0000000000035238       0x18 mongoose/lib.a(mongoose.o)
 .text.packed_rename
                0x0000000000035250        0x8 mongoose/lib.a(mongoose.o)
 .text.packed_remove
                0x0000000000035258        0x8 mongoose/lib.a(mongoose.o)
 .text.isx      0x0000000000035260       0x28 mongoose/lib.a(mongoose.o)
 .text.mg_http_status_code_str
                0x0000000000035288      0x164 mongoose/lib.a(mongoose.o)
 .text.zeromem  0x00000000000353ec       0x1c mongoose/lib.a(mongoose.o)
 .text.mg_pass_string
                0x0000000000035408       0x90 mongoose/lib.a(mongoose.o)
 .text.mg_atod  0x0000000000035498      0x1c8 mongoose/lib.a(mongoose.o)
 .text.logc     0x0000000000035660       0x18 mongoose/lib.a(mongoose.o)
 .text.logs     0x0000000000035678       0x30 mongoose/lib.a(mongoose.o)
 .text.mg_md5_transform
                0x00000000000356a8      0x9ec mongoose/lib.a(mongoose.o)
 .text.blk0     0x0000000000036094       0x14 mongoose/lib.a(mongoose.o)
 .text.mg_sha1_transform
                0x00000000000360a8     0x10cc mongoose/lib.a(mongoose.o)
 .text.mg_ws_mask
                0x0000000000037174       0x4c mongoose/lib.a(mongoose.o)
 .text.packed_close
                0x00000000000371c0        0xc mongoose/lib.a(mongoose.o)
 .text.mg_dns_parse_name_depth
                0x00000000000371cc      0x144 mongoose/lib.a(mongoose.o)
 .text.packed_read
                0x0000000000037310       0x54 mongoose/lib.a(mongoose.o)
 .text.mg_aton4
                0x0000000000037364       0xf8 mongoose/lib.a(mongoose.o)
 .text.tousa    0x000000000003745c       0x4c mongoose/lib.a(mongoose.o)
 .text.tomgaddr
                0x00000000000374a8       0x30 mongoose/lib.a(mongoose.o)
 .text.skip     0x00000000000374d8       0x88 mongoose/lib.a(mongoose.o)
 .text.p_mkdir  0x0000000000037560       0x1c mongoose/lib.a(mongoose.o)
 .text.p_remove
                0x000000000003757c       0x18 mongoose/lib.a(mongoose.o)
 .text.p_rename
                0x0000000000037594       0x18 mongoose/lib.a(mongoose.o)
 .text.p_seek   0x00000000000375ac       0x1c mongoose/lib.a(mongoose.o)
 .text.p_write  0x00000000000375c8       0x10 mongoose/lib.a(mongoose.o)
 .text.p_read   0x00000000000375d8       0x10 mongoose/lib.a(mongoose.o)
 .text.p_close  0x00000000000375e8        0x4 mongoose/lib.a(mongoose.o)
 .text.p_open   0x00000000000375ec       0x1c mongoose/lib.a(mongoose.o)
 .text.p_list   0x0000000000037608       0xa0 mongoose/lib.a(mongoose.o)
 .text.p_stat   0x00000000000376a8       0x90 mongoose/lib.a(mongoose.o)
 .text.default_logger
                0x0000000000037738        0x8 mongoose/lib.a(mongoose.o)
 .text.setlocaddr
                0x0000000000037740       0x7c mongoose/lib.a(mongoose.o)
 .text.mg_set_non_blocking_mode
                0x00000000000377bc       0x38 mongoose/lib.a(mongoose.o)
 .text.raccept  0x00000000000377f4       0x68 mongoose/lib.a(mongoose.o)
 .text.urlparse
                0x000000000003785c      0x168 mongoose/lib.a(mongoose.o)
 .text.mg_dns_free.isra.0
                0x00000000000379c4       0x28 mongoose/lib.a(mongoose.o)
 .text.setsockopts.isra.0
                0x00000000000379ec       0x88 mongoose/lib.a(mongoose.o)
 .text.mg_tls_err.isra.0
                0x0000000000037a74       0x38 mongoose/lib.a(mongoose.o)
 .text.qcpy     0x0000000000037aac       0xc8 mongoose/lib.a(mongoose.o)
 .text.Qcpy     0x0000000000037b74       0x5c mongoose/lib.a(mongoose.o)
 .text.packed_mkdir
                0x0000000000037bd0        0x8 mongoose/lib.a(mongoose.o)
 .text.mg_putchar_iobuf_static
                0x0000000000037bd8       0x4c mongoose/lib.a(mongoose.o)
 .text.mg_base64_update
                0x0000000000037c24       0x90 mongoose/lib.a(mongoose.o)
                0x0000000000037c24                mg_base64_update
 .text.mg_base64_final
                0x0000000000037cb4       0x64 mongoose/lib.a(mongoose.o)
                0x0000000000037cb4                mg_base64_final
 .text.mg_base64_encode
                0x0000000000037d18       0x54 mongoose/lib.a(mongoose.o)
                0x0000000000037d18                mg_base64_encode
 .text.mg_base64_decode
                0x0000000000037d6c       0xe4 mongoose/lib.a(mongoose.o)
                0x0000000000037d6c                mg_base64_decode
 .text.mg_resolve_cancel
                0x0000000000037e50       0x40 mongoose/lib.a(mongoose.o)
                0x0000000000037e50                mg_resolve_cancel
 .text.mg_dns_parse_rr
                0x0000000000037e90       0xe0 mongoose/lib.a(mongoose.o)
                0x0000000000037e90                mg_dns_parse_rr
 .text.mg_dns_parse
                0x0000000000037f70      0x1e8 mongoose/lib.a(mongoose.o)
                0x0000000000037f70                mg_dns_parse
 .text.mg_call  0x0000000000038158       0x58 mongoose/lib.a(mongoose.o)
                0x0000000000038158                mg_call
 .text.mg_vxprintf
                0x00000000000381b0      0x9e4 mongoose/lib.a(mongoose.o)
                0x00000000000381b0                mg_vxprintf
 .text.mg_vsnprintf
                0x0000000000038b94       0x70 mongoose/lib.a(mongoose.o)
                0x0000000000038b94                mg_vsnprintf
 .text.mg_error
                0x0000000000038c04       0xc4 mongoose/lib.a(mongoose.o)
                0x0000000000038c04                mg_error
 .text.mg_snprintf
                0x0000000000038cc8       0x8c mongoose/lib.a(mongoose.o)
                0x0000000000038cc8                mg_snprintf
 .text.mg_dtoa.constprop.0
                0x0000000000038d54      0x35c mongoose/lib.a(mongoose.o)
 .text.mg_vmprintf
                0x00000000000390b0       0x60 mongoose/lib.a(mongoose.o)
                0x00000000000390b0                mg_vmprintf
 .text.mg_mprintf
                0x0000000000039110       0x90 mongoose/lib.a(mongoose.o)
                0x0000000000039110                mg_mprintf
 .text.mg_xprintf
                0x00000000000391a0       0x8c mongoose/lib.a(mongoose.o)
                0x00000000000391a0                mg_xprintf
 .text.print_methods
                0x000000000003922c       0xc0 mongoose/lib.a(mongoose.o)
 .text.mg_fs_open
                0x00000000000392ec       0x6c mongoose/lib.a(mongoose.o)
                0x00000000000392ec                mg_fs_open
 .text.mg_fs_close
                0x0000000000039358       0x2c mongoose/lib.a(mongoose.o)
                0x0000000000039358                mg_fs_close
 .text.mg_file_read
                0x0000000000039384       0xf4 mongoose/lib.a(mongoose.o)
                0x0000000000039384                mg_file_read
 .text.mg_file_write
                0x0000000000039478      0x114 mongoose/lib.a(mongoose.o)
                0x0000000000039478                mg_file_write
 .text.mg_file_printf
                0x000000000003958c       0xd4 mongoose/lib.a(mongoose.o)
                0x000000000003958c                mg_file_printf
 .text.mg_unpack
                0x0000000000039660        0x8 mongoose/lib.a(mongoose.o)
                0x0000000000039660                mg_unpack
 .text.mg_unlist
                0x0000000000039668        0x8 mongoose/lib.a(mongoose.o)
                0x0000000000039668                mg_unlist
 .text.mg_http_get_request_len
                0x0000000000039670       0x7c mongoose/lib.a(mongoose.o)
                0x0000000000039670                mg_http_get_request_len
 .text.mg_http_etag
                0x00000000000396ec       0x24 mongoose/lib.a(mongoose.o)
                0x00000000000396ec                mg_http_etag
 .text.mg_http_get_header_var
                0x0000000000039710      0x12c mongoose/lib.a(mongoose.o)
                0x0000000000039710                mg_http_get_header_var
 .text.mg_http_status
                0x000000000003983c        0x8 mongoose/lib.a(mongoose.o)
                0x000000000003983c                mg_http_status
 .text.mg_iobuf_resize
                0x0000000000039844       0xc4 mongoose/lib.a(mongoose.o)
                0x0000000000039844                mg_iobuf_resize
 .text.mg_pfn_iobuf
                0x0000000000039908       0x7c mongoose/lib.a(mongoose.o)
                0x0000000000039908                mg_pfn_iobuf
 .text.static_cb
                0x0000000000039984       0xb8 mongoose/lib.a(mongoose.o)
 .text.mg_iobuf_init
                0x0000000000039a3c        0xc mongoose/lib.a(mongoose.o)
                0x0000000000039a3c                mg_iobuf_init
 .text.mg_iobuf_add
                0x0000000000039a48       0xb8 mongoose/lib.a(mongoose.o)
                0x0000000000039a48                mg_iobuf_add
 .text.mg_iobuf_del
                0x0000000000039b00       0x84 mongoose/lib.a(mongoose.o)
                0x0000000000039b00                mg_iobuf_del
 .text.mg_http_delete_chunk
                0x0000000000039b84       0x30 mongoose/lib.a(mongoose.o)
                0x0000000000039b84                mg_http_delete_chunk
 .text.mg_iobuf_free
                0x0000000000039bb4        0x8 mongoose/lib.a(mongoose.o)
                0x0000000000039bb4                mg_iobuf_free
 .text.mg_json_get
                0x0000000000039bbc      0x4f0 mongoose/lib.a(mongoose.o)
                0x0000000000039bbc                mg_json_get
 .text.mg_json_get_num
                0x000000000003a0ac       0x98 mongoose/lib.a(mongoose.o)
                0x000000000003a0ac                mg_json_get_num
 .text.mg_json_get_bool
                0x000000000003a144       0x58 mongoose/lib.a(mongoose.o)
                0x000000000003a144                mg_json_get_bool
 .text.mg_json_get_b64
                0x000000000003a19c       0xbc mongoose/lib.a(mongoose.o)
                0x000000000003a19c                mg_json_get_b64
 .text.mg_json_get_long
                0x000000000003a258       0x64 mongoose/lib.a(mongoose.o)
                0x000000000003a258                mg_json_get_long
 .text.mg_log_set_fn
                0x000000000003a2bc       0x14 mongoose/lib.a(mongoose.o)
                0x000000000003a2bc                mg_log_set_fn
 .text.mg_log_set
                0x000000000003a2d0        0xc mongoose/lib.a(mongoose.o)
                0x000000000003a2d0                mg_log_set
 .text.mg_log   0x000000000003a2dc       0xac mongoose/lib.a(mongoose.o)
                0x000000000003a2dc                mg_log
 .text.mg_hexdump
                0x000000000003a388      0x1d8 mongoose/lib.a(mongoose.o)
                0x000000000003a388                mg_hexdump
 .text.iolog    0x000000000003a560      0x13c mongoose/lib.a(mongoose.o)
 .text.mg_md5_init
                0x000000000003a69c       0x30 mongoose/lib.a(mongoose.o)
                0x000000000003a69c                mg_md5_init
 .text.mg_md5_update
                0x000000000003a6cc      0x10c mongoose/lib.a(mongoose.o)
                0x000000000003a6cc                mg_md5_update
 .text.mg_md5_final
                0x000000000003a7d8       0xb4 mongoose/lib.a(mongoose.o)
                0x000000000003a7d8                mg_md5_final
 .text.mg_mqtt_parse
                0x000000000003a88c      0x184 mongoose/lib.a(mongoose.o)
                0x000000000003a88c                mg_mqtt_parse
 .text.mg_vprintf
                0x000000000003aa10       0x78 mongoose/lib.a(mongoose.o)
                0x000000000003aa10                mg_vprintf
 .text.mg_printf
                0x000000000003aa88       0x9c mongoose/lib.a(mongoose.o)
                0x000000000003aa88                mg_printf
 .text.mg_http_reply
                0x000000000003ab24      0x134 mongoose/lib.a(mongoose.o)
                0x000000000003ab24                mg_http_reply
 .text.mg_ntoa  0x000000000003ac58       0xcc mongoose/lib.a(mongoose.o)
                0x000000000003ac58                mg_ntoa
 .text.mg_straddr
                0x000000000003ad24       0xac mongoose/lib.a(mongoose.o)
                0x000000000003ad24                mg_straddr
 .text.mg_alloc_conn
                0x000000000003add0       0x44 mongoose/lib.a(mongoose.o)
                0x000000000003add0                mg_alloc_conn
 .text.mg_wrapfd
                0x000000000003ae14       0xc0 mongoose/lib.a(mongoose.o)
                0x000000000003ae14                mg_wrapfd
 .text.mg_timer_add
                0x000000000003aed4       0x68 mongoose/lib.a(mongoose.o)
                0x000000000003aed4                mg_timer_add
 .text.mg_mgr_init
                0x000000000003af3c       0x54 mongoose/lib.a(mongoose.o)
                0x000000000003af3c                mg_mgr_init
 .text.mg_rpc_del
                0x000000000003af90       0x58 mongoose/lib.a(mongoose.o)
                0x000000000003af90                mg_rpc_del
 .text.mg_rpc_vok
                0x000000000003afe8       0xd0 mongoose/lib.a(mongoose.o)
                0x000000000003afe8                mg_rpc_vok
 .text.mg_rpc_ok
                0x000000000003b0b8       0x8c mongoose/lib.a(mongoose.o)
                0x000000000003b0b8                mg_rpc_ok
 .text.mg_rpc_verr
                0x000000000003b144      0x110 mongoose/lib.a(mongoose.o)
                0x000000000003b144                mg_rpc_verr
 .text.mg_rpc_err
                0x000000000003b254       0x8c mongoose/lib.a(mongoose.o)
                0x000000000003b254                mg_rpc_err
 .text.mg_rpc_list
                0x000000000003b2e0       0x18 mongoose/lib.a(mongoose.o)
                0x000000000003b2e0                mg_rpc_list
 .text.mg_sha1_init
                0x000000000003b2f8       0x3c mongoose/lib.a(mongoose.o)
                0x000000000003b2f8                mg_sha1_init
 .text.mg_sha1_update
                0x000000000003b334       0xc8 mongoose/lib.a(mongoose.o)
                0x000000000003b334                mg_sha1_update
 .text.mg_sha1_final
                0x000000000003b3fc      0x110 mongoose/lib.a(mongoose.o)
                0x000000000003b3fc                mg_sha1_final
 .text.mg_sock_would_block
                0x000000000003b50c       0x30 mongoose/lib.a(mongoose.o)
                0x000000000003b50c                mg_sock_would_block
 .text.mg_sock_send
                0x000000000003b53c       0xd4 mongoose/lib.a(mongoose.o)
 .text.mg_sock_conn_reset
                0x000000000003b610       0x24 mongoose/lib.a(mongoose.o)
                0x000000000003b610                mg_sock_conn_reset
 .text.mg_send  0x000000000003b634       0x68 mongoose/lib.a(mongoose.o)
                0x000000000003b634                mg_send
 .text.mg_http_vprintf_chunk
                0x000000000003b69c      0x100 mongoose/lib.a(mongoose.o)
 .text.mg_http_printf_chunk
                0x000000000003b79c       0x9c mongoose/lib.a(mongoose.o)
                0x000000000003b79c                mg_http_printf_chunk
 .text.mg_http_write_chunk
                0x000000000003b838       0x60 mongoose/lib.a(mongoose.o)
                0x000000000003b838                mg_http_write_chunk
 .text.mg_mqtt_send_header
                0x000000000003b898       0x8c mongoose/lib.a(mongoose.o)
                0x000000000003b898                mg_mqtt_send_header
 .text.mg_mqtt_ping
                0x000000000003b924       0x10 mongoose/lib.a(mongoose.o)
                0x000000000003b924                mg_mqtt_ping
 .text.mg_mqtt_pong
                0x000000000003b934       0x10 mongoose/lib.a(mongoose.o)
                0x000000000003b934                mg_mqtt_pong
 .text.mg_mqtt_disconnect
                0x000000000003b944       0x10 mongoose/lib.a(mongoose.o)
                0x000000000003b944                mg_mqtt_disconnect
 .text.mg_send_u16
                0x000000000003b954       0x1c mongoose/lib.a(mongoose.o)
 .text.mg_dns_send
                0x000000000003b970      0x138 mongoose/lib.a(mongoose.o)
 .text.mg_mqtt_pub
                0x000000000003baa8      0x124 mongoose/lib.a(mongoose.o)
                0x000000000003baa8                mg_mqtt_pub
 .text.mg_mqtt_sub
                0x000000000003bbcc       0xf8 mongoose/lib.a(mongoose.o)
                0x000000000003bbcc                mg_mqtt_sub
 .text.mqtt_cb  0x000000000003bcc4      0x148 mongoose/lib.a(mongoose.o)
 .text.mg_connect_resolved
                0x000000000003be0c      0x1a8 mongoose/lib.a(mongoose.o)
                0x000000000003be0c                mg_connect_resolved
 .text.mg_mkpipe
                0x000000000003bfb4      0x2a8 mongoose/lib.a(mongoose.o)
                0x000000000003bfb4                mg_mkpipe
 .text.mg_http_serve_ssi
                0x000000000003c25c       0x14 mongoose/lib.a(mongoose.o)
                0x000000000003c25c                mg_http_serve_ssi
 .text.mg_str_s
                0x000000000003c270       0x28 mongoose/lib.a(mongoose.o)
                0x000000000003c270                mg_str_s
 .text.mg_http_bauth
                0x000000000003c298      0x13c mongoose/lib.a(mongoose.o)
                0x000000000003c298                mg_http_bauth
 .text.mg_str_n
                0x000000000003c3d4        0x4 mongoose/lib.a(mongoose.o)
                0x000000000003c3d4                mg_str_n
 .text.mg_lower
                0x000000000003c3d8       0x18 mongoose/lib.a(mongoose.o)
                0x000000000003c3d8                mg_lower
 .text.mg_ncasecmp
                0x000000000003c3f0       0x54 mongoose/lib.a(mongoose.o)
                0x000000000003c3f0                mg_ncasecmp
 .text.mg_http_next_multipart
                0x000000000003c444      0x1ec mongoose/lib.a(mongoose.o)
                0x000000000003c444                mg_http_next_multipart
 .text.mg_http_get_header
                0x000000000003c630       0x74 mongoose/lib.a(mongoose.o)
                0x000000000003c630                mg_http_get_header
 .text.mg_casecmp
                0x000000000003c6a4        0x8 mongoose/lib.a(mongoose.o)
                0x000000000003c6a4                mg_casecmp
 .text.mg_vcmp  0x000000000003c6ac       0x50 mongoose/lib.a(mongoose.o)
                0x000000000003c6ac                mg_vcmp
 .text.mg_vcasecmp
                0x000000000003c6fc       0x48 mongoose/lib.a(mongoose.o)
                0x000000000003c6fc                mg_vcasecmp
 .text.mg_strdup
                0x000000000003c744       0x64 mongoose/lib.a(mongoose.o)
                0x000000000003c744                mg_strdup
 .text.mg_rpc_add
                0x000000000003c7a8       0x68 mongoose/lib.a(mongoose.o)
                0x000000000003c7a8                mg_rpc_add
 .text.mg_strcmp
                0x000000000003c810       0x4c mongoose/lib.a(mongoose.o)
                0x000000000003c810                mg_strcmp
 .text.mg_strstr
                0x000000000003c85c       0x6c mongoose/lib.a(mongoose.o)
                0x000000000003c85c                mg_strstr
 .text.mg_strstrip
                0x000000000003c8c8       0x60 mongoose/lib.a(mongoose.o)
                0x000000000003c8c8                mg_strstrip
 .text.mg_match
                0x000000000003c928      0x154 mongoose/lib.a(mongoose.o)
                0x000000000003c928                mg_match
 .text.mg_http_match_uri
                0x000000000003ca7c       0x28 mongoose/lib.a(mongoose.o)
                0x000000000003ca7c                mg_http_match_uri
 .text.mg_rpc_call
                0x000000000003caa4       0x7c mongoose/lib.a(mongoose.o)
 .text.mg_rpc_process
                0x000000000003cb20      0x104 mongoose/lib.a(mongoose.o)
                0x000000000003cb20                mg_rpc_process
 .text.mg_globmatch
                0x000000000003cc24       0x20 mongoose/lib.a(mongoose.o)
                0x000000000003cc24                mg_globmatch
 .text.mg_split
                0x000000000003cc44       0xc0 mongoose/lib.a(mongoose.o)
                0x000000000003cc44                mg_split
 .text.mg_http_var
                0x000000000003cd04       0xa4 mongoose/lib.a(mongoose.o)
                0x000000000003cd04                mg_http_var
 .text.mg_commalist
                0x000000000003cda8        0x8 mongoose/lib.a(mongoose.o)
                0x000000000003cda8                mg_commalist
 .text.guess_content_type
                0x000000000003cdb0      0x114 mongoose/lib.a(mongoose.o)
 .text.mg_hex   0x000000000003cec4       0x58 mongoose/lib.a(mongoose.o)
                0x000000000003cec4                mg_hex
 .text.mg_url_encode
                0x000000000003cf1c      0x130 mongoose/lib.a(mongoose.o)
                0x000000000003cf1c                mg_url_encode
 .text.printdirentry
                0x000000000003d04c      0x194 mongoose/lib.a(mongoose.o)
 .text.mg_unhexn
                0x000000000003d1e0       0x5c mongoose/lib.a(mongoose.o)
                0x000000000003d1e0                mg_unhexn
 .text.mg_json_get_str
                0x000000000003d23c      0x19c mongoose/lib.a(mongoose.o)
                0x000000000003d23c                mg_json_get_str
 .text.mg_aton  0x000000000003d3d8      0x278 mongoose/lib.a(mongoose.o)
                0x000000000003d3d8                mg_aton
 .text.mg_unhex
                0x000000000003d650       0x48 mongoose/lib.a(mongoose.o)
                0x000000000003d650                mg_unhex
 .text.mg_url_decode
                0x000000000003d698       0xe4 mongoose/lib.a(mongoose.o)
                0x000000000003d698                mg_url_decode
 .text.mg_http_get_var
                0x000000000003d77c       0x9c mongoose/lib.a(mongoose.o)
                0x000000000003d77c                mg_http_get_var
 .text.mg_http_creds
                0x000000000003d818      0x1b4 mongoose/lib.a(mongoose.o)
                0x000000000003d818                mg_http_creds
 .text.mg_http_upload
                0x000000000003d9cc      0x220 mongoose/lib.a(mongoose.o)
                0x000000000003d9cc                mg_http_upload
 .text.mg_json_get_hex
                0x000000000003dbec       0xe0 mongoose/lib.a(mongoose.o)
                0x000000000003dbec                mg_json_get_hex
 .text.mg_tou64
                0x000000000003dccc       0x64 mongoose/lib.a(mongoose.o)
                0x000000000003dccc                mg_tou64
 .text.mg_to64  0x000000000003dd30       0xa4 mongoose/lib.a(mongoose.o)
                0x000000000003dd30                mg_to64
 .text.mg_http_parse
                0x000000000003ddd4      0x2a8 mongoose/lib.a(mongoose.o)
                0x000000000003ddd4                mg_http_parse
 .text.http_cb  0x000000000003e07c      0x3e8 mongoose/lib.a(mongoose.o)
 .text.mg_ws_client_handshake
                0x000000000003e464      0x114 mongoose/lib.a(mongoose.o)
 .text.mg_http_serve_file
                0x000000000003e578      0x438 mongoose/lib.a(mongoose.o)
                0x000000000003e578                mg_http_serve_file
 .text.mg_remove_double_dots
                0x000000000003e9b0       0x80 mongoose/lib.a(mongoose.o)
                0x000000000003e9b0                mg_remove_double_dots
 .text.mg_http_serve_dir
                0x000000000003ea30      0x4d4 mongoose/lib.a(mongoose.o)
                0x000000000003ea30                mg_http_serve_dir
 .text.mg_timer_init
                0x000000000003ef04       0x20 mongoose/lib.a(mongoose.o)
                0x000000000003ef04                mg_timer_init
 .text.mg_timer_free
                0x000000000003ef24       0x24 mongoose/lib.a(mongoose.o)
                0x000000000003ef24                mg_timer_free
 .text.mg_timer_poll
                0x000000000003ef48       0xc8 mongoose/lib.a(mongoose.o)
                0x000000000003ef48                mg_timer_poll
 .text.mg_tls_handshake
                0x000000000003f010       0x8c mongoose/lib.a(mongoose.o)
                0x000000000003f010                mg_tls_handshake
 .text.mg_tls_init
                0x000000000003f09c      0x2c0 mongoose/lib.a(mongoose.o)
                0x000000000003f09c                mg_tls_init
 .text.mg_tls_free
                0x000000000003f35c       0x3c mongoose/lib.a(mongoose.o)
                0x000000000003f35c                mg_tls_free
 .text.mg_close_conn
                0x000000000003f398       0x88 mongoose/lib.a(mongoose.o)
                0x000000000003f398                mg_close_conn
 .text.mg_tls_pending
                0x000000000003f420       0x28 mongoose/lib.a(mongoose.o)
                0x000000000003f420                mg_tls_pending
 .text.mg_iotest
                0x000000000003f448      0x1cc mongoose/lib.a(mongoose.o)
 .text.mg_tls_recv
                0x000000000003f614       0x54 mongoose/lib.a(mongoose.o)
                0x000000000003f614                mg_tls_recv
 .text.mg_tls_send
                0x000000000003f668       0x54 mongoose/lib.a(mongoose.o)
                0x000000000003f668                mg_tls_send
 .text.mg_url_is_ssl
                0x000000000003f6bc       0xa0 mongoose/lib.a(mongoose.o)
                0x000000000003f6bc                mg_url_is_ssl
 .text.mg_url_host
                0x000000000003f75c       0x74 mongoose/lib.a(mongoose.o)
                0x000000000003f75c                mg_url_host
 .text.mg_url_uri
                0x000000000003f7d0       0x64 mongoose/lib.a(mongoose.o)
                0x000000000003f7d0                mg_url_uri
 .text.mg_url_port
                0x000000000003f834      0x120 mongoose/lib.a(mongoose.o)
                0x000000000003f834                mg_url_port
 .text.mg_open_listener
                0x000000000003f954      0x1cc mongoose/lib.a(mongoose.o)
                0x000000000003f954                mg_open_listener
 .text.mg_listen
                0x000000000003fb20       0xb4 mongoose/lib.a(mongoose.o)
                0x000000000003fb20                mg_listen
 .text.mg_http_listen
                0x000000000003fbd4       0x20 mongoose/lib.a(mongoose.o)
                0x000000000003fbd4                mg_http_listen
 .text.mg_mqtt_listen
                0x000000000003fbf4       0x24 mongoose/lib.a(mongoose.o)
                0x000000000003fbf4                mg_mqtt_listen
 .text.mg_url_user
                0x000000000003fc18       0x90 mongoose/lib.a(mongoose.o)